--- FAIL: TestExtension (0.02s)
    --- FAIL: TestExtension/extension_registers_Ponytail_commands (0.01s)
    --- FAIL: TestExtension//ponytail_updates_session_mode_and_injects_instructions (0.00s)
    --- FAIL: TestExtension/before_agent_start_guards_missing_event_and_missing_systemPrompt_(#439,_#440) (0.00s)
    --- FAIL: TestExtension/session_start_restores_latest_persisted_mode (0.00s)
    --- FAIL: TestExtension/skill_alias_commands_delegate_to_Pi_skill_commands (0.00s)
    --- FAIL: TestExtension/normal_mode_disables_persistent_instructions (0.00s)
    --- FAIL: TestExtension/a_request_mentioning_normal_mode_stays_active (0.00s)
    --- FAIL: TestExtension/status_bar_renders_the_mode_and_flips_active_on_agent_start (0.00s)
    --- SKIP: TestExtension/status_bar_stays_silent_when_ui_lacks_a_theme (0.00s)
    --- FAIL: TestExtension/PONYTAIL_HIDE_STATUS_hides_the_indicator_but_keeps_ponytail_active_(#324) (0.00s)
    --- FAIL: TestExtension/config.hideStatus_hides_the_indicator_but_keeps_ponytail_active_(#324) (0.00s)
    --- FAIL: TestExtension/PONYTAIL_HIDE_STATUS=0_does_not_hide_the_indicator (0.00s)
--- FAIL: TestHelpers (0.00s)
    --- FAIL: TestHelpers/parsePonytailCommand_falls_back_to_full_when_invoked_bare_and_default_is_off (0.00s)
    --- FAIL: TestHelpers/parsePonytailCommand_parses_modes,_status,_and_default_subcommand (0.00s)
    --- FAIL: TestHelpers/parsePonytailCommand_rejects_review_as_a_default_(session-only_mode,_#377) (0.00s)
    --- FAIL: TestHelpers/resolveSessionMode_still_honors_review_as_a_session_mode_(not_a_default) (0.00s)
    --- FAIL: TestHelpers/resolveSessionMode_prefers_latest_persisted_session_mode (0.00s)
    --- FAIL: TestHelpers/resolveSessionMode_returns_fallback_when_entries_is_not_an_array (0.00s)
    --- FAIL: TestHelpers/readDefaultMode_and_writeDefaultMode_use_XDG_config_path (0.00s)
    --- FAIL: TestHelpers/readQuietStartup_resolves_env_var,_config_file,_and_default_in_that_order (0.00s)
    --- FAIL: TestHelpers/filterSkillBodyForMode_keeps_only_requested_intensity_examples_and_rows (0.00s)
    --- FAIL: TestHelpers/filterSkillBodyForMode_does_not_drop_a_rule_bullet_whose_label_matches_a_mode_name (0.00s)
    --- FAIL: TestHelpers/filterSkillBodyForMode_keeps_rule_bullets_that_contain_a_colon (0.00s)
