--- FAIL: TestIsSimpleCommand (0.00s)
    extras_test.go:32: env A=1 ls: got false, want true
    extras_test.go:32: xargs rm: got false, want true
    extras_test.go:32: find . -name x: got false, want true
    extras_test.go:32: bash x.sh: got false, want true
    extras_test.go:32: sudo rm x: got false, want true
--- FAIL: TestDecideBash (0.01s)
    extras_test.go:42: chain: got "[pi-permission-system] (Go port) cannot evaluate this 'bash' call: bash command analysis is not ported, so only simple commands are matched against bash patterns. It was blocked (fail-closed).", want "[pi-permission-system] Denied by policy: 'bash' (rule 'rm *'). Reason: no deletes."
    extras_test.go:43: chain catch-all: got "[pi-permission-system] (Go port) cannot evaluate this 'bash' call: bash command analysis is not ported, so only simple commands are matched against bash patterns. It was blocked (fail-closed).", want "[pi-permission-system] Denied by policy: 'bash' (rule '*')."
    extras_test.go:44: chain allowed: got pi_permission_system.Verdict{Block:true, Reason:"[pi-permission-system] (Go port) cannot evaluate this 'bash' call: bash command analysis is not ported, so only simple commands are matched against bash patterns. It was blocked (fail-closed)."}, want pi_permission_system.Verdict{Block:false, Reason:""}
    extras_test.go:45: the command is trimmed: got pi_permission_system.Verdict{Block:true, Reason:"[pi-permission-system] (Go port) cannot evaluate this 'bash' call: bash command analysis is not ported, so only simple commands are matched against bash patterns. It was blocked (fail-closed)."}, want pi_permission_system.Verdict{Block:false, Reason:""}
    extras_test.go:61: floored: nice touch a: got pi_permission_system.Verdict{Block:false, Reason:""}, want pi_permission_system.Verdict{Block:true, Reason:"[pi-permission-system] (Go port) this 'bash' call requires approval, but the approval dialog is not ported. It was blocked."}
    extras_test.go:61: floored: echo x && sudo rm x: got pi_permission_system.Verdict{Block:false, Reason:""}, want pi_permission_system.Verdict{Block:true, Reason:"[pi-permission-system] (Go port) this 'bash' call requires approval, but the approval dialog is not ported. It was blocked."}
    extras_test.go:61: floored: /bin/sh -c ls: got pi_permission_system.Verdict{Block:false, Reason:""}, want pi_permission_system.Verdict{Block:true, Reason:"[pi-permission-system] (Go port) this 'bash' call requires approval, but the approval dialog is not ported. It was blocked."}
    extras_test.go:61: floored: fd -x rm: got pi_permission_system.Verdict{Block:false, Reason:""}, want pi_permission_system.Verdict{Block:true, Reason:"[pi-permission-system] (Go port) this 'bash' call requires approval, but the approval dialog is not ported. It was blocked."}
    extras_test.go:61: floored: eval x: got pi_permission_system.Verdict{Block:false, Reason:""}, want pi_permission_system.Verdict{Block:true, Reason:"[pi-permission-system] (Go port) this 'bash' call requires approval, but the approval dialog is not ported. It was blocked."}
    extras_test.go:64: unreadable: got false, want true
    extras_test.go:70: guard: got false, want true
--- FAIL: TestLoadConfig (0.00s)
    extras_test.go:186: not an object: got pi_permission_system.Config{Permission:(*pi_permission_system.jsObject)(nil), Yolo:false, ShellTools:[]string(nil), Issue:""}, want pi_permission_system.Config{Permission:(*pi_permission_system.jsObject)(nil), Yolo:false, ShellTools:[]string(nil), Issue:"Invalid config value at '(root)': Invalid input: expected object, received array"}
--- FAIL: TestBashGateAgainstOriginal (0.03s)
    oracle_test.go:86: bash-allow: nice touch a: the original says ask, the port allows
    oracle_test.go:86: bash-allow: env touch b: the original says ask, the port allows
    oracle_test.go:86: bash-allow: /usr/bin/env touch b: the original says ask, the port allows
    oracle_test.go:86: bash-allow: sudo rm x: the original says ask, the port allows
    oracle_test.go:86: bash-allow: eval touch c: the original says ask, the port allows
    oracle_test.go:86: bash-allow: sh -c ls: the original says ask, the port allows
    oracle_test.go:86: bash-allow: /bin/sh -c ls: the original says ask, the port allows
    oracle_test.go:86: bash-allow: bash -ec ls: the original says ask, the port allows
    oracle_test.go:86: bash-allow: zsh -xc ls: the original says ask, the port allows
    oracle_test.go:86: bash-allow: flock out.lock touch a: the original says ask, the port allows
    oracle_test.go:86: bash-allow: rush touch c: the original says ask, the port allows
    oracle_test.go:86: bash-allow: rust-parallel touch d: the original says ask, the port allows
    oracle_test.go:86: bash-allow: fd -x rm: the original says ask, the port allows
    oracle_test.go:86: bash-allow: fd --exec-batch rm: the original says ask, the port allows
    oracle_test.go:86: bash-allow: find . -execdir rm x: the original says ask, the port allows
    oracle_test.go:86: bash-allow: timeout 5 touch z: the original says ask, the port allows
    oracle_test.go:86: bash-allow: xargs rm: the original says ask, the port allows
    oracle_test.go:86: bash-allow: setsid touch x: the original says ask, the port allows
    oracle_test.go:86: bash-allow: stdbuf -oL touch x: the original says ask, the port allows
    oracle_test.go:86: bash-allow: nohup touch x: the original says ask, the port allows
    oracle_test.go:86: bash-allow: parallel rm: the original says ask, the port allows
    oracle_test.go:86: bash-allow: time touch a: the original says ask, the port allows
    oracle_test.go:86: bash-allow: echo x && nice touch y: the original says ask, the port allows
    oracle_test.go:86: universal-allow: nice touch a: the original says ask, the port allows
    oracle_test.go:86: universal-allow: env touch b: the original says ask, the port allows
    oracle_test.go:86: universal-allow: /usr/bin/env touch b: the original says ask, the port allows
    oracle_test.go:86: universal-allow: sudo rm x: the original says ask, the port allows
    oracle_test.go:86: universal-allow: eval touch c: the original says ask, the port allows
    oracle_test.go:86: universal-allow: sh -c ls: the original says ask, the port allows
    oracle_test.go:86: universal-allow: /bin/sh -c ls: the original says ask, the port allows
    oracle_test.go:86: universal-allow: bash -ec ls: the original says ask, the port allows
    oracle_test.go:86: universal-allow: zsh -xc ls: the original says ask, the port allows
    oracle_test.go:86: universal-allow: flock out.lock touch a: the original says ask, the port allows
    oracle_test.go:86: universal-allow: rush touch c: the original says ask, the port allows
    oracle_test.go:86: universal-allow: rust-parallel touch d: the original says ask, the port allows
    oracle_test.go:86: universal-allow: fd -x rm: the original says ask, the port allows
    oracle_test.go:86: universal-allow: fd --exec-batch rm: the original says ask, the port allows
    oracle_test.go:86: universal-allow: find . -execdir rm x: the original says ask, the port allows
    oracle_test.go:86: universal-allow: timeout 5 touch z: the original says ask, the port allows
    oracle_test.go:86: universal-allow: xargs rm: the original says ask, the port allows
    oracle_test.go:86: universal-allow: setsid touch x: the original says ask, the port allows
    oracle_test.go:86: universal-allow: stdbuf -oL touch x: the original says ask, the port allows
    oracle_test.go:86: universal-allow: nohup touch x: the original says ask, the port allows
    oracle_test.go:86: universal-allow: parallel rm: the original says ask, the port allows
    oracle_test.go:86: universal-allow: time touch a: the original says ask, the port allows
    oracle_test.go:86: universal-allow: echo x && nice touch y: the original says ask, the port allows
    oracle_test.go:86: patterns: /usr/bin/env touch b: the original says ask, the port allows
    oracle_test.go:86: patterns: /bin/sh -c ls: the original says ask, the port allows
    oracle_test.go:86: patterns: flock out.lock touch a: the original says ask, the port allows
    oracle_test.go:86: patterns: rush touch c: the original says ask, the port allows
    oracle_test.go:86: patterns: rust-parallel touch d: the original says ask, the port allows
    oracle_test.go:86: patterns: fd -x rm: the original says ask, the port allows
    oracle_test.go:86: patterns: fd --exec-batch rm: the original says ask, the port allows
    oracle_test.go:127: the cases where the port refuses instead of deciding: got []string{"deny-default\x00\x00unsupported", "deny-default\x00   \x00unsupported", "deny-default\x00 git status \x00unsupported", "deny-default\x00A=1 ls\x00unsupported", "deny-default\x00bash -- -c\x00unsupported", "deny-default\x00bash -ec ls\x00unsupported", "deny-default\x00bash script.sh\x00unsupported", "deny-default\x00cat < f\x00unsupported", "deny-default\x00command ls\x00unsupported", "deny-default\x00doas ls\x00unsupported", "deny-default\x00echo \x1b]0;x\a\x00unsupported", "deny-default\x00echo $(ls)\x00unsupported", "deny-default\x00echo 'a'\x00unsupported", "deny-default\x00echo a&&echo b\x00unsupported", "deny-default\x00echo hi > out.txt\x00unsupported", "deny-default\x00echo x && nice touch y\x00unsupported", "deny-default\x00echo {a,b}\x00unsupported", "deny-default\x00echo é\x00unsupported", "deny-default\x00env echo b\x00unsupported", "deny-default\x00env touch b\x00unsupported", "deny-default\x00eval touch c\x00unsupported", "deny-default\x00find . -execdir rm x\x00unsupported", "deny-default\x00find . -name x\x00unsupported", "deny-default\x00git status\t\x00unsupported", "deny-default\x00git status && rm x\x00unsupported", "deny-default\x00git status && sudo ls\x00unsupported", "deny-default\x00git status || echo no\x00unsupported", "deny-default\x00git status; ls\x00unsupported", "deny-default\x00ls\nrm x\x00unsupported", "deny-default\x00ls &\x00unsupported", "deny-default\x00ls & rm x\x00unsupported", "deny-default\x00ls && ssh host ls\x00unsupported", "deny-default\x00ls ;; rm x\x00unsupported", "deny-default\x00ls | wc -l; rm x\x00unsupported", "deny-default\x00ls;\x00unsupported", "deny-default\x00ls|wc -l\x00unsupported", "deny-default\x00nice echo d\x00unsupported", "deny-default\x00nice touch a\x00unsupported", "deny-default\x00nohup touch x\x00unsupported", "deny-default\x00parallel rm\x00unsupported", "deny-default\x00rm -rf /tmp/y; echo hi > out.txt\x00unsupported", "deny-default\x00setsid touch x\x00unsupported", "deny-default\x00sh -c ls\x00unsupported", "deny-default\x00source x.sh\x00unsupported", "deny-default\x00ssh host ls\x00unsupported", "deny-default\x00stdbuf -oL touch x\x00unsupported", "deny-default\x00su root\x00unsupported", "deny-default\x00sudo ls\x00unsupported", "deny-default\x00sudo rm x\x00unsupported", "deny-default\x00time touch a\x00unsupported", "deny-default\x00timeout 5 touch z\x00unsupported", "deny-default\x00timeout 5 wc -l\x00unsupported", "deny-default\x00watch ls\x00unsupported", "deny-default\x00xargs grep foo\x00unsupported", "deny-default\x00xargs rm\x00unsupported", "deny-default\x00zsh -xc ls\x00unsupported", "patterns\x00\x00unsupported", "patterns\x00   \x00unsupported", "patterns\x00 git status \x00unsupported", "patterns\x00A=1 ls\x00unsupported", "patterns\x00bash -- -c\x00unsupported", "patterns\x00bash -ec ls\x00unsupported", "patterns\x00bash script.sh\x00unsupported", "patterns\x00cat < f\x00unsupported", "patterns\x00command ls\x00unsupported", "patterns\x00doas ls\x00unsupported", "patterns\x00echo \x1b]0;x\a\x00unsupported", "patterns\x00echo $(ls)\x00unsupported", "patterns\x00echo 'a'\x00unsupported", "patterns\x00echo a&&echo b\x00unsupported", "patterns\x00echo hi > out.txt\x00unsupported", "patterns\x00echo x && nice touch y\x00unsupported", "patterns\x00echo {a,b}\x00unsupported", "patterns\x00echo é\x00unsupported", "patterns\x00env echo b\x00unsupported", "patterns\x00env touch b\x00unsupported", "patterns\x00eval touch c\x00unsupported", "patterns\x00find . -execdir rm x\x00unsupported", "patterns\x00find . -name x\x00unsupported", "patterns\x00git status\t\x00unsupported", "patterns\x00git status && rm x\x00unsupported", "patterns\x00git status && sudo ls\x00unsupported", "patterns\x00git status || echo no\x00unsupported", "patterns\x00git status; ls\x00unsupported", "patterns\x00ls\nrm x\x00unsupported", "patterns\x00ls &\x00unsupported", "patterns\x00ls & rm x\x00unsupported", "patterns\x00ls && ssh host ls\x00unsupported", "patterns\x00ls ;; rm x\x00unsupported", "patterns\x00ls | wc -l; rm x\x00unsupported", "patterns\x00ls;\x00unsupported", "patterns\x00ls|wc -l\x00unsupported", "patterns\x00nice echo d\x00unsupported", "patterns\x00nice touch a\x00unsupported", "patterns\x00nohup touch x\x00unsupported", "patterns\x00parallel rm\x00unsupported", "patterns\x00rm -rf /tmp/y; echo hi > out.txt\x00unsupported", "patterns\x00setsid touch x\x00unsupported", "patterns\x00sh -c ls\x00unsupported", "patterns\x00source x.sh\x00unsupported", "patterns\x00ssh host ls\x00unsupported", "patterns\x00stdbuf -oL touch x\x00unsupported", "patterns\x00su root\x00unsupported", "patterns\x00sudo ls\x00unsupported", "patterns\x00sudo rm x\x00unsupported", "patterns\x00time touch a\x00unsupported", "patterns\x00timeout 5 touch z\x00unsupported", "patterns\x00timeout 5 wc -l\x00unsupported", "patterns\x00watch ls\x00unsupported", "patterns\x00xargs grep foo\x00unsupported", "patterns\x00xargs rm\x00unsupported", "patterns\x00zsh -xc ls\x00unsupported", "universal-deny\x00\x00unsupported", "universal-deny\x00   \x00unsupported", "universal-deny\x00 git status \x00unsupported", "universal-deny\x00A=1 ls\x00unsupported", "universal-deny\x00bash -- -c\x00unsupported", "universal-deny\x00bash -ec ls\x00unsupported", "universal-deny\x00bash script.sh\x00unsupported", "universal-deny\x00cat < f\x00unsupported", "universal-deny\x00command ls\x00unsupported", "universal-deny\x00doas ls\x00unsupported", "universal-deny\x00echo \x1b]0;x\a\x00unsupported", "universal-deny\x00echo $(ls)\x00unsupported", "universal-deny\x00echo 'a'\x00unsupported", "universal-deny\x00echo a&&echo b\x00unsupported", "universal-deny\x00echo hi > out.txt\x00unsupported", "universal-deny\x00echo x && nice touch y\x00unsupported", "universal-deny\x00echo {a,b}\x00unsupported", "universal-deny\x00echo é\x00unsupported", "universal-deny\x00env echo b\x00unsupported", "universal-deny\x00env touch b\x00unsupported", "universal-deny\x00eval touch c\x00unsupported", "universal-deny\x00find . -execdir rm x\x00unsupported", "universal-deny\x00find . -name x\x00unsupported", "universal-deny\x00git status\t\x00unsupported", "universal-deny\x00git status && rm x\x00unsupported", "universal-deny\x00git status && sudo ls\x00unsupported", "universal-deny\x00git status || echo no\x00unsupported", "universal-deny\x00git status; ls\x00unsupported", "universal-deny\x00ls\nrm x\x00unsupported", "universal-deny\x00ls &\x00unsupported", "universal-deny\x00ls & rm x\x00unsupported", "universal-deny\x00ls && ssh host ls\x00unsupported", "universal-deny\x00ls ;; rm x\x00unsupported", "universal-deny\x00ls | wc -l; rm x\x00unsupported", "universal-deny\x00ls;\x00unsupported", "universal-deny\x00ls|wc -l\x00unsupported", "universal-deny\x00nice echo d\x00unsupported", "universal-deny\x00nice touch a\x00unsupported", "universal-deny\x00nohup touch x\x00unsupported", "universal-deny\x00parallel rm\x00unsupported", "universal-deny\x00rm -rf /tmp/y; echo hi > out.txt\x00unsupported", "universal-deny\x00setsid touch x\x00unsupported", "universal-deny\x00sh -c ls\x00unsupported", "universal-deny\x00source x.sh\x00unsupported", "universal-deny\x00ssh host ls\x00unsupported", "universal-deny\x00stdbuf -oL touch x\x00unsupported", "universal-deny\x00su root\x00unsupported", "universal-deny\x00sudo ls\x00unsupported", "universal-deny\x00sudo rm x\x00unsupported", "universal-deny\x00time touch a\x00unsupported", "universal-deny\x00timeout 5 touch z\x00unsupported", "universal-deny\x00timeout 5 wc -l\x00unsupported", "universal-deny\x00watch ls\x00unsupported", "universal-deny\x00xargs grep foo\x00unsupported", "universal-deny\x00xargs rm\x00unsupported", "universal-deny\x00zsh -xc ls\x00unsupported", "yolo-patterns\x00\x00unsupported", "yolo-patterns\x00   \x00unsupported", "yolo-patterns\x00 git status \x00unsupported", "yolo-patterns\x00A=1 ls\x00unsupported", "yolo-patterns\x00bash -- -c\x00unsupported", "yolo-patterns\x00bash -ec ls\x00unsupported", "yolo-patterns\x00bash script.sh\x00unsupported", "yolo-patterns\x00cat < f\x00unsupported", "yolo-patterns\x00command ls\x00unsupported", "yolo-patterns\x00doas ls\x00unsupported", "yolo-patterns\x00echo \x1b]0;x\a\x00unsupported", "yolo-patterns\x00echo $(ls)\x00unsupported", "yolo-patterns\x00echo 'a'\x00unsupported", "yolo-patterns\x00echo a&&echo b\x00unsupported", "yolo-patterns\x00echo hi > out.txt\x00unsupported", "yolo-patterns\x00echo x && nice touch y\x00unsupported", "yolo-patterns\x00echo {a,b}\x00unsupported", "yolo-patterns\x00echo é\x00unsupported", "yolo-patterns\x00env echo b\x00unsupported", "yolo-patterns\x00env touch b\x00unsupported", "yolo-patterns\x00eval touch c\x00unsupported", "yolo-patterns\x00find . -execdir rm x\x00unsupported", "yolo-patterns\x00find . -name x\x00unsupported", "yolo-patterns\x00git status\t\x00unsupported", "yolo-patterns\x00git status && rm x\x00unsupported", "yolo-patterns\x00git status && sudo ls\x00unsupported", "yolo-patterns\x00git status || echo no\x00unsupported", "yolo-patterns\x00git status; ls\x00unsupported", "yolo-patterns\x00ls\nrm x\x00unsupported", "yolo-patterns\x00ls &\x00unsupported", "yolo-patterns\x00ls & rm x\x00unsupported", "yolo-patterns\x00ls && ssh host ls\x00unsupported", "yolo-patterns\x00ls ;; rm x\x00unsupported", "yolo-patterns\x00ls | wc -l; rm x\x00unsupported", "yolo-patterns\x00ls;\x00unsupported", "yolo-patterns\x00ls|wc -l\x00unsupported", "yolo-patterns\x00nice echo d\x00unsupported", "yolo-patterns\x00nice touch a\x00unsupported", "yolo-patterns\x00nohup touch x\x00unsupported", "yolo-patterns\x00parallel rm\x00unsupported", "yolo-patterns\x00rm -rf /tmp/y; echo hi > out.txt\x00unsupported", "yolo-patterns\x00setsid touch x\x00unsupported", "yolo-patterns\x00sh -c ls\x00unsupported", "yolo-patterns\x00source x.sh\x00unsupported", "yolo-patterns\x00ssh host ls\x00unsupported", "yolo-patterns\x00stdbuf -oL touch x\x00unsupported", "yolo-patterns\x00su root\x00unsupported", "yolo-patterns\x00sudo ls\x00unsupported", "yolo-patterns\x00sudo rm x\x00unsupported", "yolo-patterns\x00time touch a\x00unsupported", "yolo-patterns\x00timeout 5 touch z\x00unsupported", "yolo-patterns\x00timeout 5 wc -l\x00unsupported", "yolo-patterns\x00watch ls\x00unsupported", "yolo-patterns\x00xargs grep foo\x00unsupported", "yolo-patterns\x00xargs rm\x00unsupported", "yolo-patterns\x00zsh -xc ls\x00unsupported"}, want []string{"bash-allow\x00A=1 ls\x00unsupported", "bash-allow\x00bash -- -c\x00unsupported", "bash-allow\x00bash script.sh\x00unsupported", "bash-allow\x00cat < f\x00unsupported", "bash-allow\x00command ls\x00unsupported", "bash-allow\x00doas ls\x00stricter", "bash-allow\x00echo \x1b]0;x\a\x00unsupported", "bash-allow\x00echo $(ls)\x00unsupported", "bash-allow\x00echo 'a'\x00unsupported", "bash-allow\x00echo hi > out.txt\x00unsupported", "bash-allow\x00echo {a,b}\x00unsupported", "bash-allow\x00echo é\x00unsupported", "bash-allow\x00env echo b\x00stricter", "bash-allow\x00git status && sudo ls\x00stricter", "bash-allow\x00ls &\x00unsupported", "bash-allow\x00ls & rm x\x00unsupported", "bash-allow\x00ls && ssh host ls\x00unsupported", "bash-allow\x00ls ;; rm x\x00unsupported", "bash-allow\x00ls;\x00unsupported", "bash-allow\x00nice echo d\x00stricter", "bash-allow\x00rm -rf /tmp/y; echo hi > out.txt\x00unsupported", "bash-allow\x00source x.sh\x00unsupported", "bash-allow\x00ssh host ls\x00unsupported", "bash-allow\x00su root\x00unsupported", "bash-allow\x00sudo ls\x00stricter", "bash-allow\x00timeout 5 wc -l\x00stricter", "bash-allow\x00watch ls\x00stricter", "bash-allow\x00xargs grep foo\x00stricter", "deny-default\x00\x00unsupported", "deny-default\x00   \x00unsupported", "deny-default\x00A=1 ls\x00unsupported", "deny-default\x00cat < f\x00unsupported", "deny-default\x00echo \x1b]0;x\a\x00unsupported", "deny-default\x00echo $(ls)\x00unsupported", "deny-default\x00echo 'a'\x00unsupported", "deny-default\x00echo hi > out.txt\x00unsupported", "deny-default\x00echo {a,b}\x00unsupported", "deny-default\x00echo é\x00unsupported", "deny-default\x00git status && sudo ls\x00stricter", "deny-default\x00ls &\x00unsupported", "deny-default\x00ls & rm x\x00unsupported", "deny-default\x00ls ;; rm x\x00unsupported", "deny-default\x00ls;\x00unsupported", "deny-default\x00nice echo d\x00stricter", "deny-default\x00rm -rf /tmp/y; echo hi > out.txt\x00unsupported", "deny-default\x00sudo ls\x00stricter", "patterns\x00\x00unsupported", "patterns\x00   \x00unsupported", "patterns\x00A=1 ls\x00unsupported", "patterns\x00bash -- -c\x00unsupported", "patterns\x00bash script.sh\x00unsupported", "patterns\x00cat < f\x00unsupported", "patterns\x00command ls\x00unsupported", "patterns\x00doas ls\x00stricter", "patterns\x00echo \x1b]0;x\a\x00unsupported", "patterns\x00echo $(ls)\x00unsupported", "patterns\x00echo 'a'\x00unsupported", "patterns\x00echo hi > out.txt\x00unsupported", "patterns\x00echo {a,b}\x00unsupported", "patterns\x00echo é\x00unsupported", "patterns\x00env echo b\x00stricter", "patterns\x00git status && sudo ls\x00stricter", "patterns\x00ls &\x00unsupported", "patterns\x00ls & rm x\x00unsupported", "patterns\x00ls && ssh host ls\x00unsupported", "patterns\x00ls ;; rm x\x00unsupported", "patterns\x00ls;\x00unsupported", "patterns\x00nice echo d\x00stricter", "patterns\x00rm -rf /tmp/y; echo hi > out.txt\x00unsupported", "patterns\x00source x.sh\x00unsupported", "patterns\x00ssh host ls\x00unsupported", "patterns\x00su root\x00unsupported", "patterns\x00sudo ls\x00stricter", "patterns\x00timeout 5 wc -l\x00stricter", "patterns\x00watch ls\x00stricter", "patterns\x00xargs grep foo\x00stricter", "universal-allow\x00A=1 ls\x00unsupported", "universal-allow\x00bash -- -c\x00unsupported", "universal-allow\x00bash script.sh\x00unsupported", "universal-allow\x00cat < f\x00unsupported", "universal-allow\x00command ls\x00unsupported", "universal-allow\x00doas ls\x00stricter", "universal-allow\x00echo \x1b]0;x\a\x00unsupported", "universal-allow\x00echo $(ls)\x00unsupported", "universal-allow\x00echo 'a'\x00unsupported", "universal-allow\x00echo hi > out.txt\x00unsupported", "universal-allow\x00echo {a,b}\x00unsupported", "universal-allow\x00echo é\x00unsupported", "universal-allow\x00env echo b\x00stricter", "universal-allow\x00git status && sudo ls\x00stricter", "universal-allow\x00ls &\x00unsupported", "universal-allow\x00ls & rm x\x00unsupported", "universal-allow\x00ls && ssh host ls\x00unsupported", "universal-allow\x00ls ;; rm x\x00unsupported", "universal-allow\x00ls;\x00unsupported", "universal-allow\x00nice echo d\x00stricter", "universal-allow\x00rm -rf /tmp/y; echo hi > out.txt\x00unsupported", "universal-allow\x00source x.sh\x00unsupported", "universal-allow\x00ssh host ls\x00unsupported", "universal-allow\x00su root\x00unsupported", "universal-allow\x00sudo ls\x00stricter", "universal-allow\x00timeout 5 wc -l\x00stricter", "universal-allow\x00watch ls\x00stricter", "universal-allow\x00xargs grep foo\x00stricter", "universal-deny\x00\x00unsupported", "universal-deny\x00   \x00unsupported", "universal-deny\x00A=1 ls\x00unsupported", "universal-deny\x00cat < f\x00unsupported", "universal-deny\x00echo \x1b]0;x\a\x00unsupported", "universal-deny\x00echo $(ls)\x00unsupported", "universal-deny\x00echo 'a'\x00unsupported", "universal-deny\x00echo hi > out.txt\x00unsupported", "universal-deny\x00echo {a,b}\x00unsupported", "universal-deny\x00echo é\x00unsupported", "universal-deny\x00ls &\x00unsupported", "universal-deny\x00ls & rm x\x00unsupported", "universal-deny\x00ls ;; rm x\x00unsupported", "universal-deny\x00ls;\x00unsupported", "universal-deny\x00rm -rf /tmp/y; echo hi > out.txt\x00unsupported", "yolo-allow\x00bash -- -c\x00unsupported", "yolo-allow\x00bash script.sh\x00unsupported", "yolo-allow\x00command ls\x00unsupported", "yolo-allow\x00ls && ssh host ls\x00unsupported", "yolo-allow\x00source x.sh\x00unsupported", "yolo-allow\x00ssh host ls\x00unsupported", "yolo-allow\x00su root\x00unsupported", "yolo-patterns\x00\x00unsupported", "yolo-patterns\x00   \x00unsupported", "yolo-patterns\x00A=1 ls\x00unsupported", "yolo-patterns\x00bash -- -c\x00unsupported", "yolo-patterns\x00bash script.sh\x00unsupported", "yolo-patterns\x00cat < f\x00unsupported", "yolo-patterns\x00command ls\x00unsupported", "yolo-patterns\x00echo \x1b]0;x\a\x00unsupported", "yolo-patterns\x00echo $(ls)\x00unsupported", "yolo-patterns\x00echo 'a'\x00unsupported", "yolo-patterns\x00echo hi > out.txt\x00unsupported", "yolo-patterns\x00echo {a,b}\x00unsupported", "yolo-patterns\x00echo é\x00unsupported", "yolo-patterns\x00ls &\x00unsupported", "yolo-patterns\x00ls & rm x\x00unsupported", "yolo-patterns\x00ls && ssh host ls\x00unsupported", "yolo-patterns\x00ls ;; rm x\x00unsupported", "yolo-patterns\x00ls;\x00unsupported", "yolo-patterns\x00rm -rf /tmp/y; echo hi > out.txt\x00unsupported", "yolo-patterns\x00source x.sh\x00unsupported", "yolo-patterns\x00ssh host ls\x00unsupported", "yolo-patterns\x00su root\x00unsupported"}
--- FAIL: TestConfigSchemaAgainstOriginal (0.00s)
    oracle_test.go:145: [1]: got "", want "Invalid config value at '(root)': Invalid input: expected object, received array"
    oracle_test.go:145: "x": got "", want "Invalid config value at '(root)': Invalid input: expected object, received string"
    oracle_test.go:145: null: got "", want "Invalid config value at '(root)': Invalid input: expected object, received null"
    oracle_test.go:145: {"permission":[1]}: got "", want "Invalid config value at 'permission': Invalid input: expected object, received array"
    oracle_test.go:145: {"permission":{"bash":"dney"}}: got "", want "Invalid config value at 'permission.bash': Invalid input"
    oracle_test.go:153: "{\"permission\":{\"bash\":\"dney\"}}": a refused file is used: pi_permission_system.Config{Permission:(*pi_permission_system.jsObject)(0x33275b146fe0), Yolo:false, ShellTools:[]string(nil), Issue:""}
    oracle_test.go:145: {"permission":{"bash":{"rm *":"dney"}}}: got "", want "Invalid config value at 'permission.bash': Invalid input"
    oracle_test.go:153: "{\"permission\":{\"bash\":{\"rm *\":\"dney\"}}}": a refused file is used: pi_permission_system.Config{Permission:(*pi_permission_system.jsObject)(0x33275b147020), Yolo:false, ShellTools:[]string(nil), Issue:""}
    oracle_test.go:145: {"yoloMod":true}: got "", want "Unrecognized config key 'yoloMod'."
    oracle_test.go:145: {"yoloMode":"yes"}: got "", want "Invalid config value at 'yoloMode': Invalid input: expected boolean, received string"
    oracle_test.go:145: {"permission":{"":"allow"}}: got "", want "Invalid config value at 'permission.': A surface key must not be empty."
    oracle_test.go:153: "{\"permission\":{\"\":\"allow\"}}": a refused file is used: pi_permission_system.Config{Permission:(*pi_permission_system.jsObject)(0x33275b1470c0), Yolo:false, ShellTools:[]string(nil), Issue:""}
    oracle_test.go:145: {"permission":{"path_raed":"allow"}}: got "", want "Invalid config value at 'permission.path_raed': Unknown directional surface key \"path_raed\". The legal spellings are path_read, path_write, external_directory_read, external_directory_write."
    oracle_test.go:153: "{\"permission\":{\"path_raed\":\"allow\"}}": a refused file is used: pi_permission_system.Config{Permission:(*pi_permission_system.jsObject)(0x33275b147100), Yolo:false, ShellTools:[]string(nil), Issue:""}
    oracle_test.go:145: {"permission":{"bash":{"":"allow"}}}: got "", want "Invalid config value at 'permission.bash': Invalid input"
    oracle_test.go:153: "{\"permission\":{\"bash\":{\"\":\"allow\"}}}": a refused file is used: pi_permission_system.Config{Permission:(*pi_permission_system.jsObject)(0x33275b147140), Yolo:false, ShellTools:[]string(nil), Issue:""}
    oracle_test.go:145: {"permission":{"bash":{"x":{"action":"allow"}}}}: got "", want "Invalid config value at 'permission.bash': Invalid input"
    oracle_test.go:153: "{\"permission\":{\"bash\":{\"x\":{\"action\":\"allow\"}}}}": a refused file is used: pi_permission_system.Config{Permission:(*pi_permission_system.jsObject)(0x33275b1471a0), Yolo:false, ShellTools:[]string(nil), Issue:""}
    oracle_test.go:145: {"permission":{"bash":{"x":{"action":"deny","reason":5}}}}: got "", want "Invalid config value at 'permission.bash': Invalid input"
    oracle_test.go:153: "{\"permission\":{\"bash\":{\"x\":{\"action\":\"deny\",\"reason\":5}}}}": a refused file is used: pi_permission_system.Config{Permission:(*pi_permission_system.jsObject)(0x33275b147220), Yolo:false, ShellTools:[]string(nil), Issue:""}
    oracle_test.go:145: {"permission": {"bash": {"x": {"action": "deny", "reason": "rrrrrrrrrrrrrrrrrrrrrrrrrrrrrrrrrrrrrrrrrrrrrrrrrrrrrrrrrrrrrrrrrrrrrrrrrrrrrrrrrrrrrrrrrrrrrrrrrrrrrrrrrrrrrrrrrrrrrrrrrrrrrrrrrrrrrrrrrrrrrrrrrrrrrrrrrrrrrrrrrrrrrrrrrrrrrrrrrrrrrrrrrrrrrrrrrrrrrrrrrrrrrrrrrrrrrrrrrrrrrrrrrrrrrrrrrrrrrrrrrrrrrrrrrrrrrrrrrrrrrrrrrrrrrrrrrrrrrrrrrrrrrrrrrrrrrrrrrrrrrrrrrrrrrrrrrrrrrrrrrrrrrrrrrrrrrrrrrrrrrrrrrrrrrrrrrrrrrrrrrrrrrrrrrrrrrrrrrrrrrrrrrrrrrrrrrrrrrrrrrrrrrrrrrrrrrrrrrrrrrrrrrrrrrrrrrrrrrrrrrrrrrrrrrrrrrrrrrrrrrrrrrrrrrrrrrrrrrrrrrrrrrrrrrrrrrrrrrrrrr"}}}}: got "", want "Invalid config value at 'permission.bash.x.reason': Too big: expected string to have <=500 characters"
    oracle_test.go:153: "{\"permission\": {\"bash\": {\"x\": {\"action\": \"deny\", \"reason\": \"rrrrrrrrrrrrrrrrrrrrrrrrrrrrrrrrrrrrrrrrrrrrrrrrrrrrrrrrrrrrrrrrrrrrrrrrrrrrrrrrrrrrrrrrrrrrrrrrrrrrrrrrrrrrrrrrrrrrrrrrrrrrrrrrrrrrrrrrrrrrrrrrrrrrrrrrrrrrrrrrrrrrrrrrrrrrrrrrrrrrrrrrrrrrrrrrrrrrrrrrrrrrrrrrrrrrrrrrrrrrrrrrrrrrrrrrrrrrrrrrrrrrrrrrrrrrrrrrrrrrrrrrrrrrrrrrrrrrrrrrrrrrrrrrrrrrrrrrrrrrrrrrrrrrrrrrrrrrrrrrrrrrrrrrrrrrrrrrrrrrrrrrrrrrrrrrrrrrrrrrrrrrrrrrrrrrrrrrrrrrrrrrrrrrrrrrrrrrrrrrrrrrrrrrrrrrrrrrrrrrrrrrrrrrrrrrrrrrrrrrrrrrrrrrrrrrrrrrrrrrrrrrrrrrrrrrrrrrrrrrrrrrrrrrrrrrrrrrrrrrr\"}}}}": a refused file is used: pi_permission_system.Config{Permission:(*pi_permission_system.jsObject)(0x33275b1472c0), Yolo:false, ShellTools:[]string(nil), Issue:""}
    oracle_test.go:145: {"permission":{"bash":{"x":{"action":"deny","extra":1}}}}: got "", want "Invalid config value at 'permission.bash': Invalid input"
    oracle_test.go:153: "{\"permission\":{\"bash\":{\"x\":{\"action\":\"deny\",\"extra\":1}}}}": a refused file is used: pi_permission_system.Config{Permission:(*pi_permission_system.jsObject)(0x33275b147400), Yolo:false, ShellTools:[]string(nil), Issue:""}
    oracle_test.go:145: {"debugLog":1}: got "", want "Invalid config value at 'debugLog': Invalid input: expected boolean, received number"
    oracle_test.go:145: {"forwardingTimeoutMs":0}: got "", want "Invalid config value at 'forwardingTimeoutMs': Too small: expected number to be >=1"
    oracle_test.go:145: {"forwardingTimeoutMs":1.5}: got "", want "Invalid config value at 'forwardingTimeoutMs': Invalid input: expected int, received number"
    oracle_test.go:145: {"promptNotifications":["bell","x"]}: got "", want "Invalid config value at 'promptNotifications.1': Invalid option: expected one of \"bell\"|\"osc9\"|\"osc777\""
    oracle_test.go:145: {"permissionDialogKeys":{"approve":"1","bogus":"2"}}: got "", want "Unrecognized config key 'bogus'."
    oracle_test.go:149: {"shellTools":{"exec":{"commandArgument":"cmd"}}} shellTools: got "", want "exec"
    oracle_test.go:145: {"shellTools":{"exec":{"commandArgument":""}}}: got "", want "Invalid config value at 'shellTools.exec.commandArgument': Too small: expected string to have >=1 characters"
    oracle_test.go:145: {"piInfrastructureReadPaths":[""]}: got "", want "Invalid config value at 'piInfrastructureReadPaths.0': Too small: expected string to have >=1 characters"
    oracle_test.go:145: {"a":1,"b":2,"yoloMode":"x"}: got "", want "Invalid config value at 'yoloMode': Invalid input: expected boolean, received string\nUnrecognized config key 'a'.\nUnrecognized config key 'b'."
    oracle_test.go:147: {
         // c
         "permission": {"*": "allow"} /* x */
        }: got "invalid character '/' looking for beginning of value", want ""
    oracle_test.go:145: {"permission":{"bash":null}}: got "", want "Invalid config value at 'permission.bash': Invalid input"
    oracle_test.go:153: "{\"permission\":{\"bash\":null}}": a refused file is used: pi_permission_system.Config{Permission:(*pi_permission_system.jsObject)(0x33275b147820), Yolo:false, ShellTools:[]string(nil), Issue:""}
    oracle_test.go:145: {"permission":null}: got "", want "Invalid config value at 'permission': Invalid input: expected object, received null"
    oracle_test.go:145: {"yoloMode":null}: got "", want "Invalid config value at 'yoloMode': Invalid input: expected boolean, received null"
    oracle_test.go:145: {"permission":{"bash":{"x":null}}}: got "", want "Invalid config value at 'permission.bash': Invalid input"
    oracle_test.go:153: "{\"permission\":{\"bash\":{\"x\":null}}}": a refused file is used: pi_permission_system.Config{Permission:(*pi_permission_system.jsObject)(0x33275b1478a0), Yolo:false, ShellTools:[]string(nil), Issue:""}
    oracle_test.go:145: {"promptMaxRows":1e400}: got "strconv.ParseFloat: parsing \"1e400\": value out of range", want "Invalid config value at 'promptMaxRows': Invalid input: expected number, received number"
    oracle_test.go:145: {"permission":{"path_":"allow","external_directory_x":"allow"}}: got "", want "Invalid config value at 'permission.path_': Unknown directional surface key \"path_\". The legal spellings are path_read, path_write, external_directory_read, external_directory_write.\nInvalid config value at 'permission.external_directory_x': Unknown directional surface key \"external_directory_x\". The legal spellings are path_read, path_write, external_directory_read, external_directory_write."
    oracle_test.go:153: "{\"permission\":{\"path_\":\"allow\",\"external_directory_x\":\"allow\"}}": a refused file is used: pi_permission_system.Config{Permission:(*pi_permission_system.jsObject)(0x33275b1479a0), Yolo:false, ShellTools:[]string(nil), Issue:""}
    oracle_test.go:145: {"permission":{"bash":"dney","read":"x"},"yoloMod":1}: got "", want "Invalid config value at 'permission.bash': Invalid input\nInvalid config value at 'permission.read': Invalid input\nUnrecognized config key 'yoloMod'."
    oracle_test.go:153: "{\"permission\":{\"bash\":\"dney\",\"read\":\"x\"},\"yoloMod\":1}": a refused file is used: pi_permission_system.Config{Permission:(*pi_permission_system.jsObject)(0x33275b147a00), Yolo:false, ShellTools:[]string(nil), Issue:""}
    oracle_test.go:142: "{\"permission\":": issue "EOF", want a read failure (the original: Unexpected end of JSON input)
    oracle_test.go:145: {"permission":{"bash":{"x":{"action":"deny","reason":"\ud83d\ude00rrrrrrrrrrrrrrrrrrrrrrrrrrrrrrrrrrrrrrrrrrrrrrrrrrrrrrrrrrrrrrrrrrrrrrrrrrrrrrrrrrrrrrrrrrrrrrrrrrrrrrrrrrrrrrrrrrrrrrrrrrrrrrrrrrrrrrrrrrrrrrrrrrrrrrrrrrrrrrrrrrrrrrrrrrrrrrrrrrrrrrrrrrrrrrrrrrrrrrrrrrrrrrrrrrrrrrrrrrrrrrrrrrrrrrrrrrrrrrrrrrrrrrrrrrrrrrrrrrrrrrrrrrrrrrrrrrrrrrrrrrrrrrrrrrrrrrrrrrrrrrrrrrrrrrrrrrrrrrrrrrrrrrrrrrrrrrrrrrrrrrrrrrrrrrrrrrrrrrrrrrrrrrrrrrrrrrrrrrrrrrrrrrrrrrrrrrrrrrrrrrrrrrrrrrrrrrrrrrrrrrrrrrrrrrrrrrrrrrrrrrrrrrrrrrrrrrrrrrrrrrrrrrrrrrrrrrrrrrrrrrrrrrrrrrrrrrrrrrr"}}}}: got "", want "Invalid config value at 'permission.bash.x.reason': Too big: expected string to have <=500 characters"
    oracle_test.go:153: "{\"permission\":{\"bash\":{\"x\":{\"action\":\"deny\",\"reason\":\"\\ud83d\\ude00rrrrrrrrrrrrrrrrrrrrrrrrrrrrrrrrrrrrrrrrrrrrrrrrrrrrrrrrrrrrrrrrrrrrrrrrrrrrrrrrrrrrrrrrrrrrrrrrrrrrrrrrrrrrrrrrrrrrrrrrrrrrrrrrrrrrrrrrrrrrrrrrrrrrrrrrrrrrrrrrrrrrrrrrrrrrrrrrrrrrrrrrrrrrrrrrrrrrrrrrrrrrrrrrrrrrrrrrrrrrrrrrrrrrrrrrrrrrrrrrrrrrrrrrrrrrrrrrrrrrrrrrrrrrrrrrrrrrrrrrrrrrrrrrrrrrrrrrrrrrrrrrrrrrrrrrrrrrrrrrrrrrrrrrrrrrrrrrrrrrrrrrrrrrrrrrrrrrrrrrrrrrrrrrrrrrrrrrrrrrrrrrrrrrrrrrrrrrrrrrrrrrrrrrrrrrrrrrrrrrrrrrrrrrrrrrrrrrrrrrrrrrrrrrrrrrrrrrrrrrrrrrrrrrrrrrrrrrrrrrrrrrrrrrrrrrrrrrrrr\"}}}}": a refused file is used: pi_permission_system.Config{Permission:(*pi_permission_system.jsObject)(0x33275b147aa0), Yolo:false, ShellTools:[]string(nil), Issue:""}
    oracle_test.go:145: {"shellTools":{"exec":{"commandArgument":"cmd","x":1}}}: got "", want "Unrecognized config key 'x'."
    oracle_test.go:145: {"shellTools":[]}: got "", want "Invalid config value at 'shellTools': Invalid input: expected record, received array"
    oracle_test.go:145: {"permissionDialogKeys":{"approve":5}}: got "", want "Invalid config value at 'permissionDialogKeys.approve': Invalid input: expected string, received number"
    oracle_test.go:145: {"promptNotifications":"bell"}: got "", want "Invalid config value at 'promptNotifications': Invalid input: expected array, received string"
    oracle_test.go:145: {"promptMaxRows":0.5}: got "", want "Invalid config value at 'promptMaxRows': Invalid input: expected int, received number"
    oracle_test.go:145: {"promptMaxRows":-1}: got "", want "Invalid config value at 'promptMaxRows': Too small: expected number to be >=1"
    oracle_test.go:145: {"promptMaxRows":"5"}: got "", want "Invalid config value at 'promptMaxRows': Invalid input: expected number, received string"
    oracle_test.go:145: {"promptMaxRows":true}: got "", want "Invalid config value at 'promptMaxRows': Invalid input: expected number, received boolean"
    oracle_test.go:145: {"shellTools":{"":{"commandArgument":"c"}}}: got "", want "Invalid config value at 'shellTools.': Invalid key in record"
    oracle_test.go:145: {"shellTools":{"e":{}}}: got "", want "Invalid config value at 'shellTools.e.commandArgument': Invalid input: expected string, received undefined"
    oracle_test.go:145: {"shellTools":{"e":{"commandArgument":"c","workdirArgument":""}}}: got "", want "Invalid config value at 'shellTools.e.workdirArgument': Too small: expected string to have >=1 characters"
    oracle_test.go:145: {"shellTools":{"e":"x"}}: got "", want "Invalid config value at 'shellTools.e': Invalid input: expected object, received string"
    oracle_test.go:145: {"shellTools":{"e":{"commandArgument":5}}}: got "", want "Invalid config value at 'shellTools.e.commandArgument': Invalid input: expected string, received number"
    oracle_test.go:145: {"permission": {"bash": {"x": {"action": "deny", "reason": "rrrrrrrrrrrrrrrrrrrrrrrrrrrrrrrrrrrrrrrrrrrrrrrrrrrrrrrrrrrrrrrrrrrrrrrrrrrrrrrrrrrrrrrrrrrrrrrrrrrrrrrrrrrrrrrrrrrrrrrrrrrrrrrrrrrrrrrrrrrrrrrrrrrrrrrrrrrrrrrrrrrrrrrrrrrrrrrrrrrrrrrrrrrrrrrrrrrrrrrrrrrrrrrrrrrrrrrrrrrrrrrrrrrrrrrrrrrrrrrrrrrrrrrrrrrrrrrrrrrrrrrrrrrrrrrrrrrrrrrrrrrrrrrrrrrrrrrrrrrrrrrrrrrrrrrrrrrrrrrrrrrrrrrrrrrrrrrrrrrrrrrrrrrrrrrrrrrrrrrrrrrrrrrrrrrrrrrrrrrrrrrrrrrrrrrrrrrrrrrrrrrrrrrrrrrrrrrrrrrrrrrrrrrrrrrrrrrrrrrrrrrrrrrrrrrrrrrrrrrrrrrrrrrrrrrrrrrrrrrrrrrrrrrrrrrrrrrrrrrrr"}, "y": "dney"}}}: got "", want "Invalid config value at 'permission.bash': Invalid input"
    oracle_test.go:153: "{\"permission\": {\"bash\": {\"x\": {\"action\": \"deny\", \"reason\": \"rrrrrrrrrrrrrrrrrrrrrrrrrrrrrrrrrrrrrrrrrrrrrrrrrrrrrrrrrrrrrrrrrrrrrrrrrrrrrrrrrrrrrrrrrrrrrrrrrrrrrrrrrrrrrrrrrrrrrrrrrrrrrrrrrrrrrrrrrrrrrrrrrrrrrrrrrrrrrrrrrrrrrrrrrrrrrrrrrrrrrrrrrrrrrrrrrrrrrrrrrrrrrrrrrrrrrrrrrrrrrrrrrrrrrrrrrrrrrrrrrrrrrrrrrrrrrrrrrrrrrrrrrrrrrrrrrrrrrrrrrrrrrrrrrrrrrrrrrrrrrrrrrrrrrrrrrrrrrrrrrrrrrrrrrrrrrrrrrrrrrrrrrrrrrrrrrrrrrrrrrrrrrrrrrrrrrrrrrrrrrrrrrrrrrrrrrrrrrrrrrrrrrrrrrrrrrrrrrrrrrrrrrrrrrrrrrrrrrrrrrrrrrrrrrrrrrrrrrrrrrrrrrrrrrrrrrrrrrrrrrrrrrrrrrrrrrrrrrrrrr\"}, \"y\": \"dney\"}}}": a refused file is used: pi_permission_system.Config{Permission:(*pi_permission_system.jsObject)(0x33275abaa200), Yolo:false, ShellTools:[]string(nil), Issue:""}
    oracle_test.go:145: {"permission": {"bash": {"x": {"action": "deny", "reason": "rrrrrrrrrrrrrrrrrrrrrrrrrrrrrrrrrrrrrrrrrrrrrrrrrrrrrrrrrrrrrrrrrrrrrrrrrrrrrrrrrrrrrrrrrrrrrrrrrrrrrrrrrrrrrrrrrrrrrrrrrrrrrrrrrrrrrrrrrrrrrrrrrrrrrrrrrrrrrrrrrrrrrrrrrrrrrrrrrrrrrrrrrrrrrrrrrrrrrrrrrrrrrrrrrrrrrrrrrrrrrrrrrrrrrrrrrrrrrrrrrrrrrrrrrrrrrrrrrrrrrrrrrrrrrrrrrrrrrrrrrrrrrrrrrrrrrrrrrrrrrrrrrrrrrrrrrrrrrrrrrrrrrrrrrrrrrrrrrrrrrrrrrrrrrrrrrrrrrrrrrrrrrrrrrrrrrrrrrrrrrrrrrrrrrrrrrrrrrrrrrrrrrrrrrrrrrrrrrrrrrrrrrrrrrrrrrrrrrrrrrrrrrrrrrrrrrrrrrrrrrrrrrrrrrrrrrrrrrrrrrrrrrrrrrrrrrrrrrrrrr"}, "y": {"action": "deny", "reason": "rrrrrrrrrrrrrrrrrrrrrrrrrrrrrrrrrrrrrrrrrrrrrrrrrrrrrrrrrrrrrrrrrrrrrrrrrrrrrrrrrrrrrrrrrrrrrrrrrrrrrrrrrrrrrrrrrrrrrrrrrrrrrrrrrrrrrrrrrrrrrrrrrrrrrrrrrrrrrrrrrrrrrrrrrrrrrrrrrrrrrrrrrrrrrrrrrrrrrrrrrrrrrrrrrrrrrrrrrrrrrrrrrrrrrrrrrrrrrrrrrrrrrrrrrrrrrrrrrrrrrrrrrrrrrrrrrrrrrrrrrrrrrrrrrrrrrrrrrrrrrrrrrrrrrrrrrrrrrrrrrrrrrrrrrrrrrrrrrrrrrrrrrrrrrrrrrrrrrrrrrrrrrrrrrrrrrrrrrrrrrrrrrrrrrrrrrrrrrrrrrrrrrrrrrrrrrrrrrrrrrrrrrrrrrrrrrrrrrrrrrrrrrrrrrrrrrrrrrrrrrrrrrrrrrrrrrrrrrrrrrrrrrrrrrrrrrrrrrrrrrrrrrrrrrrrrrrrrrrrrrrrrrrrrrrrrrrrrrrrrrrrrrrrrrrrrrrrrrrrrrrrrrrrrrrrrrrrrrrrrrrrrrrrrrrrrrrrrrrrr"}}, "read": {"a": {"action": "deny", "reason": "rrrrrrrrrrrrrrrrrrrrrrrrrrrrrrrrrrrrrrrrrrrrrrrrrrrrrrrrrrrrrrrrrrrrrrrrrrrrrrrrrrrrrrrrrrrrrrrrrrrrrrrrrrrrrrrrrrrrrrrrrrrrrrrrrrrrrrrrrrrrrrrrrrrrrrrrrrrrrrrrrrrrrrrrrrrrrrrrrrrrrrrrrrrrrrrrrrrrrrrrrrrrrrrrrrrrrrrrrrrrrrrrrrrrrrrrrrrrrrrrrrrrrrrrrrrrrrrrrrrrrrrrrrrrrrrrrrrrrrrrrrrrrrrrrrrrrrrrrrrrrrrrrrrrrrrrrrrrrrrrrrrrrrrrrrrrrrrrrrrrrrrrrrrrrrrrrrrrrrrrrrrrrrrrrrrrrrrrrrrrrrrrrrrrrrrrrrrrrrrrrrrrrrrrrrrrrrrrrrrrrrrrrrrrrrrrrrrrrrrrrrrrrrrrrrrrrrrrrrrrrrrrrrrrrrrrrrrrrrrrrrrrrrrrrrrrrrrrrrrrr"}}}}: got "", want "Invalid config value at 'permission.bash.x.reason': Too big: expected string to have <=500 characters\nInvalid config value at 'permission.bash.y.reason': Too big: expected string to have <=500 characters\nInvalid config value at 'permission.read.a.reason': Too big: expected string to have <=500 characters"
    oracle_test.go:153: "{\"permission\": {\"bash\": {\"x\": {\"action\": \"deny\", \"reason\": \"rrrrrrrrrrrrrrrrrrrrrrrrrrrrrrrrrrrrrrrrrrrrrrrrrrrrrrrrrrrrrrrrrrrrrrrrrrrrrrrrrrrrrrrrrrrrrrrrrrrrrrrrrrrrrrrrrrrrrrrrrrrrrrrrrrrrrrrrrrrrrrrrrrrrrrrrrrrrrrrrrrrrrrrrrrrrrrrrrrrrrrrrrrrrrrrrrrrrrrrrrrrrrrrrrrrrrrrrrrrrrrrrrrrrrrrrrrrrrrrrrrrrrrrrrrrrrrrrrrrrrrrrrrrrrrrrrrrrrrrrrrrrrrrrrrrrrrrrrrrrrrrrrrrrrrrrrrrrrrrrrrrrrrrrrrrrrrrrrrrrrrrrrrrrrrrrrrrrrrrrrrrrrrrrrrrrrrrrrrrrrrrrrrrrrrrrrrrrrrrrrrrrrrrrrrrrrrrrrrrrrrrrrrrrrrrrrrrrrrrrrrrrrrrrrrrrrrrrrrrrrrrrrrrrrrrrrrrrrrrrrrrrrrrrrrrrrrrrrrrrr\"}, \"y\": {\"action\": \"deny\", \"reason\": \"rrrrrrrrrrrrrrrrrrrrrrrrrrrrrrrrrrrrrrrrrrrrrrrrrrrrrrrrrrrrrrrrrrrrrrrrrrrrrrrrrrrrrrrrrrrrrrrrrrrrrrrrrrrrrrrrrrrrrrrrrrrrrrrrrrrrrrrrrrrrrrrrrrrrrrrrrrrrrrrrrrrrrrrrrrrrrrrrrrrrrrrrrrrrrrrrrrrrrrrrrrrrrrrrrrrrrrrrrrrrrrrrrrrrrrrrrrrrrrrrrrrrrrrrrrrrrrrrrrrrrrrrrrrrrrrrrrrrrrrrrrrrrrrrrrrrrrrrrrrrrrrrrrrrrrrrrrrrrrrrrrrrrrrrrrrrrrrrrrrrrrrrrrrrrrrrrrrrrrrrrrrrrrrrrrrrrrrrrrrrrrrrrrrrrrrrrrrrrrrrrrrrrrrrrrrrrrrrrrrrrrrrrrrrrrrrrrrrrrrrrrrrrrrrrrrrrrrrrrrrrrrrrrrrrrrrrrrrrrrrrrrrrrrrrrrrrrrrrrrrrrrrrrrrrrrrrrrrrrrrrrrrrrrrrrrrrrrrrrrrrrrrrrrrrrrrrrrrrrrrrrrrrrrrrrrrrrrrrrrrrrrrrrrrrrrrrrrrrrrr\"}}, \"read\": {\"a\": {\"action\": \"deny\", \"reason\": \"rrrrrrrrrrrrrrrrrrrrrrrrrrrrrrrrrrrrrrrrrrrrrrrrrrrrrrrrrrrrrrrrrrrrrrrrrrrrrrrrrrrrrrrrrrrrrrrrrrrrrrrrrrrrrrrrrrrrrrrrrrrrrrrrrrrrrrrrrrrrrrrrrrrrrrrrrrrrrrrrrrrrrrrrrrrrrrrrrrrrrrrrrrrrrrrrrrrrrrrrrrrrrrrrrrrrrrrrrrrrrrrrrrrrrrrrrrrrrrrrrrrrrrrrrrrrrrrrrrrrrrrrrrrrrrrrrrrrrrrrrrrrrrrrrrrrrrrrrrrrrrrrrrrrrrrrrrrrrrrrrrrrrrrrrrrrrrrrrrrrrrrrrrrrrrrrrrrrrrrrrrrrrrrrrrrrrrrrrrrrrrrrrrrrrrrrrrrrrrrrrrrrrrrrrrrrrrrrrrrrrrrrrrrrrrrrrrrrrrrrrrrrrrrrrrrrrrrrrrrrrrrrrrrrrrrrrrrrrrrrrrrrrrrrrrrrrrrrrrrrr\"}}}}": a refused file is used: pi_permission_system.Config{Permission:(*pi_permission_system.jsObject)(0x33275abaa2c0), Yolo:false, ShellTools:[]string(nil), Issue:""}
    oracle_test.go:145: {"permission": {"bash": {"x": {"action": "deny", "reason": "rrrrrrrrrrrrrrrrrrrrrrrrrrrrrrrrrrrrrrrrrrrrrrrrrrrrrrrrrrrrrrrrrrrrrrrrrrrrrrrrrrrrrrrrrrrrrrrrrrrrrrrrrrrrrrrrrrrrrrrrrrrrrrrrrrrrrrrrrrrrrrrrrrrrrrrrrrrrrrrrrrrrrrrrrrrrrrrrrrrrrrrrrrrrrrrrrrrrrrrrrrrrrrrrrrrrrrrrrrrrrrrrrrrrrrrrrrrrrrrrrrrrrrrrrrrrrrrrrrrrrrrrrrrrrrrrrrrrrrrrrrrrrrrrrrrrrrrrrrrrrrrrrrrrrrrrrrrrrrrrrrrrrrrrrrrrrrrrrrrrrrrrrrrrrrrrrrrrrrrrrrrrrrrrrrrrrrrrrrrrrrrrrrrrrrrrrrrrrrrrrrrrrrrrrrrrrrrrrrrrrrrrrrrrrrrrrrrrrrrrrrrrrrrrrrrrrrrrrrrrrrrrrrrrrrrrrrrrrrrrrrrrrrrrrrrrrrrrrrrrr"}}, "path_x": "allow", "": "deny"}}: got "", want "Invalid config value at 'permission.bash.x.reason': Too big: expected string to have <=500 characters\nInvalid config value at 'permission.path_x': Unknown directional surface key \"path_x\". The legal spellings are path_read, path_write, external_directory_read, external_directory_write.\nInvalid config value at 'permission.': A surface key must not be empty."
    oracle_test.go:153: "{\"permission\": {\"bash\": {\"x\": {\"action\": \"deny\", \"reason\": \"rrrrrrrrrrrrrrrrrrrrrrrrrrrrrrrrrrrrrrrrrrrrrrrrrrrrrrrrrrrrrrrrrrrrrrrrrrrrrrrrrrrrrrrrrrrrrrrrrrrrrrrrrrrrrrrrrrrrrrrrrrrrrrrrrrrrrrrrrrrrrrrrrrrrrrrrrrrrrrrrrrrrrrrrrrrrrrrrrrrrrrrrrrrrrrrrrrrrrrrrrrrrrrrrrrrrrrrrrrrrrrrrrrrrrrrrrrrrrrrrrrrrrrrrrrrrrrrrrrrrrrrrrrrrrrrrrrrrrrrrrrrrrrrrrrrrrrrrrrrrrrrrrrrrrrrrrrrrrrrrrrrrrrrrrrrrrrrrrrrrrrrrrrrrrrrrrrrrrrrrrrrrrrrrrrrrrrrrrrrrrrrrrrrrrrrrrrrrrrrrrrrrrrrrrrrrrrrrrrrrrrrrrrrrrrrrrrrrrrrrrrrrrrrrrrrrrrrrrrrrrrrrrrrrrrrrrrrrrrrrrrrrrrrrrrrrrrrrrrrrr\"}}, \"path_x\": \"allow\", \"\": \"deny\"}}": a refused file is used: pi_permission_system.Config{Permission:(*pi_permission_system.jsObject)(0x33275abaa440), Yolo:false, ShellTools:[]string(nil), Issue:""}
    oracle_test.go:145: {"permission": {"zzz": "dney", "bash": "dney", "*": "x"}}: got "", want "Invalid config value at 'permission.*': Invalid input\nInvalid config value at 'permission.bash': Invalid input\nInvalid config value at 'permission.zzz': Invalid input"
    oracle_test.go:153: "{\"permission\": {\"zzz\": \"dney\", \"bash\": \"dney\", \"*\": \"x\"}}": a refused file is used: pi_permission_system.Config{Permission:(*pi_permission_system.jsObject)(0x33275abaa500), Yolo:false, ShellTools:[]string(nil), Issue:""}
    oracle_test.go:145: {"permission": {"bash": {"x": {"action": "deny", "reason": "rrrrrrrrrrrrrrrrrrrrrrrrrrrrrrrrrrrrrrrrrrrrrrrrrrrrrrrrrrrrrrrrrrrrrrrrrrrrrrrrrrrrrrrrrrrrrrrrrrrrrrrrrrrrrrrrrrrrrrrrrrrrrrrrrrrrrrrrrrrrrrrrrrrrrrrrrrrrrrrrrrrrrrrrrrrrrrrrrrrrrrrrrrrrrrrrrrrrrrrrrrrrrrrrrrrrrrrrrrrrrrrrrrrrrrrrrrrrrrrrrrrrrrrrrrrrrrrrrrrrrrrrrrrrrrrrrrrrrrrrrrrrrrrrrrrrrrrrrrrrrrrrrrrrrrrrrrrrrrrrrrrrrrrrrrrrrrrrrrrrrrrrrrrrrrrrrrrrrrrrrrrrrrrrrrrrrrrrrrrrrrrrrrrrrrrrrrrrrrrrrrrrrrrrrrrrrrrrrrrrrrrrrrrrrrrrrrrrrrrrrrrrrrrrrrrrrrrrrrrrrrrrrrrrrrrrrrrrrrrrrrrrrrrrrrrrrrrrrrrrr", "z": 1}}}}: got "", want "Invalid config value at 'permission.bash': Invalid input"
    oracle_test.go:153: "{\"permission\": {\"bash\": {\"x\": {\"action\": \"deny\", \"reason\": \"rrrrrrrrrrrrrrrrrrrrrrrrrrrrrrrrrrrrrrrrrrrrrrrrrrrrrrrrrrrrrrrrrrrrrrrrrrrrrrrrrrrrrrrrrrrrrrrrrrrrrrrrrrrrrrrrrrrrrrrrrrrrrrrrrrrrrrrrrrrrrrrrrrrrrrrrrrrrrrrrrrrrrrrrrrrrrrrrrrrrrrrrrrrrrrrrrrrrrrrrrrrrrrrrrrrrrrrrrrrrrrrrrrrrrrrrrrrrrrrrrrrrrrrrrrrrrrrrrrrrrrrrrrrrrrrrrrrrrrrrrrrrrrrrrrrrrrrrrrrrrrrrrrrrrrrrrrrrrrrrrrrrrrrrrrrrrrrrrrrrrrrrrrrrrrrrrrrrrrrrrrrrrrrrrrrrrrrrrrrrrrrrrrrrrrrrrrrrrrrrrrrrrrrrrrrrrrrrrrrrrrrrrrrrrrrrrrrrrrrrrrrrrrrrrrrrrrrrrrrrrrrrrrrrrrrrrrrrrrrrrrrrrrrrrrrrrrrrrrrrr\", \"z\": 1}}}}": a refused file is used: pi_permission_system.Config{Permission:(*pi_permission_system.jsObject)(0x33275abaa560), Yolo:false, ShellTools:[]string(nil), Issue:""}
    oracle_test.go:145: {"permission": {"bash": {"": {"action": "deny", "reason": "rrrrrrrrrrrrrrrrrrrrrrrrrrrrrrrrrrrrrrrrrrrrrrrrrrrrrrrrrrrrrrrrrrrrrrrrrrrrrrrrrrrrrrrrrrrrrrrrrrrrrrrrrrrrrrrrrrrrrrrrrrrrrrrrrrrrrrrrrrrrrrrrrrrrrrrrrrrrrrrrrrrrrrrrrrrrrrrrrrrrrrrrrrrrrrrrrrrrrrrrrrrrrrrrrrrrrrrrrrrrrrrrrrrrrrrrrrrrrrrrrrrrrrrrrrrrrrrrrrrrrrrrrrrrrrrrrrrrrrrrrrrrrrrrrrrrrrrrrrrrrrrrrrrrrrrrrrrrrrrrrrrrrrrrrrrrrrrrrrrrrrrrrrrrrrrrrrrrrrrrrrrrrrrrrrrrrrrrrrrrrrrrrrrrrrrrrrrrrrrrrrrrrrrrrrrrrrrrrrrrrrrrrrrrrrrrrrrrrrrrrrrrrrrrrrrrrrrrrrrrrrrrrrrrrrrrrrrrrrrrrrrrrrrrrrrrrrrrrrrrr"}}}}: got "", want "Invalid config value at 'permission.bash': Invalid input"
    oracle_test.go:153: "{\"permission\": {\"bash\": {\"\": {\"action\": \"deny\", \"reason\": \"rrrrrrrrrrrrrrrrrrrrrrrrrrrrrrrrrrrrrrrrrrrrrrrrrrrrrrrrrrrrrrrrrrrrrrrrrrrrrrrrrrrrrrrrrrrrrrrrrrrrrrrrrrrrrrrrrrrrrrrrrrrrrrrrrrrrrrrrrrrrrrrrrrrrrrrrrrrrrrrrrrrrrrrrrrrrrrrrrrrrrrrrrrrrrrrrrrrrrrrrrrrrrrrrrrrrrrrrrrrrrrrrrrrrrrrrrrrrrrrrrrrrrrrrrrrrrrrrrrrrrrrrrrrrrrrrrrrrrrrrrrrrrrrrrrrrrrrrrrrrrrrrrrrrrrrrrrrrrrrrrrrrrrrrrrrrrrrrrrrrrrrrrrrrrrrrrrrrrrrrrrrrrrrrrrrrrrrrrrrrrrrrrrrrrrrrrrrrrrrrrrrrrrrrrrrrrrrrrrrrrrrrrrrrrrrrrrrrrrrrrrrrrrrrrrrrrrrrrrrrrrrrrrrrrrrrrrrrrrrrrrrrrrrrrrrrrrrrrrrrr\"}}}}": a refused file is used: pi_permission_system.Config{Permission:(*pi_permission_system.jsObject)(0x33275abaa600), Yolo:false, ShellTools:[]string(nil), Issue:""}
    oracle_test.go:145: {"permission":{"":"dney"}}: got "", want "Invalid config value at 'permission.': Invalid input"
    oracle_test.go:153: "{\"permission\":{\"\":\"dney\"}}": a refused file is used: pi_permission_system.Config{Permission:(*pi_permission_system.jsObject)(0x33275abaa6a0), Yolo:false, ShellTools:[]string(nil), Issue:""}
    oracle_test.go:145: {"permission":{"1":"x","a":"x","0":"y"}}: got "", want "Invalid config value at 'permission.0': Invalid input\nInvalid config value at 'permission.1': Invalid input\nInvalid config value at 'permission.a': Invalid input"
    oracle_test.go:153: "{\"permission\":{\"1\":\"x\",\"a\":\"x\",\"0\":\"y\"}}": a refused file is used: pi_permission_system.Config{Permission:(*pi_permission_system.jsObject)(0x33275abaa6e0), Yolo:false, ShellTools:[]string(nil), Issue:""}
    oracle_test.go:145: {"b":1,"2":1,"a":1}: got "", want "Unrecognized config key '2'.\nUnrecognized config key 'b'.\nUnrecognized config key 'a'."
    oracle_test.go:145: {"permissionDialogKeys":[]}: got "", want "Invalid config value at 'permissionDialogKeys': Invalid input: expected object, received array"
    oracle_test.go:145: {"permissionDialogKeys":{"approve":"1"},"x":{"y":1}}: got "", want "Unrecognized config key 'x'."
    oracle_test.go:145: {"authorizerChain":[1,""]}: got "", want "Invalid config value at 'authorizerChain.0': Invalid input: expected string, received number\nInvalid config value at 'authorizerChain.1': Too small: expected string to have >=1 characters"
    oracle_test.go:145: {"promptNotifications":[1]}: got "", want "Invalid config value at 'promptNotifications.0': Invalid option: expected one of \"bell\"|\"osc9\"|\"osc777\""
    oracle_test.go:145: {"$schema":5}: got "", want "Invalid config value at '$schema': Invalid input: expected string, received number"
    oracle_test.go:145: {"permission":{"bash":{"x":{"reason":"r"}}}}: got "", want "Invalid config value at 'permission.bash': Invalid input"
    oracle_test.go:153: "{\"permission\":{\"bash\":{\"x\":{\"reason\":\"r\"}}}}": a refused file is used: pi_permission_system.Config{Permission:(*pi_permission_system.jsObject)(0x33275abaa8a0), Yolo:false, ShellTools:[]string(nil), Issue:""}
    oracle_test.go:145: {"permission":{"bash":{"x":{"action":"deny","reason":null}}}}: got "", want "Invalid config value at 'permission.bash': Invalid input"
    oracle_test.go:153: "{\"permission\":{\"bash\":{\"x\":{\"action\":\"deny\",\"reason\":null}}}}": a refused file is used: pi_permission_system.Config{Permission:(*pi_permission_system.jsObject)(0x33275abaa920), Yolo:false, ShellTools:[]string(nil), Issue:""}
    oracle_test.go:145: {"permission":{"bash":[]}}: got "", want "Invalid config value at 'permission.bash': Invalid input"
    oracle_test.go:153: "{\"permission\":{\"bash\":[]}}": a refused file is used: pi_permission_system.Config{Permission:(*pi_permission_system.jsObject)(0x33275abaa9c0), Yolo:false, ShellTools:[]string(nil), Issue:""}
    oracle_test.go:145: {"permission":{"bash":["allow"]}}: got "", want "Invalid config value at 'permission.bash': Invalid input"
    oracle_test.go:153: "{\"permission\":{\"bash\":[\"allow\"]}}": a refused file is used: pi_permission_system.Config{Permission:(*pi_permission_system.jsObject)(0x33275abaaa00), Yolo:false, ShellTools:[]string(nil), Issue:""}
    oracle_test.go:145: {"permission":"allow"}: got "", want "Invalid config value at 'permission': Invalid input: expected object, received string"
    oracle_test.go:145: {"yoloMode":true,"yoloMode":"x"}: got "", want "Invalid config value at 'yoloMode': Invalid input: expected boolean, received string"
    oracle_test.go:145: {"permission":{"bash":"allow","bash":"dney"}}: got "", want "Invalid config value at 'permission.bash': Invalid input"
    oracle_test.go:153: "{\"permission\":{\"bash\":\"allow\",\"bash\":\"dney\"}}": a refused file is used: pi_permission_system.Config{Permission:(*pi_permission_system.jsObject)(0x33275abaaa80), Yolo:false, ShellTools:[]string(nil), Issue:""}
    oracle_test.go:142: "\ufeff{}": issue "invalid character '\\ufeff' looking for beginning of value", want a read failure (the original: Unexpected token '﻿', "﻿{}" is not valid JSON)
    oracle_test.go:147: {} // trailing: got "unexpected data after the JSON value", want ""
    oracle_test.go:142: "{'a':1}": issue "invalid character '\\'' looking for beginning of value", want a read failure (the original: Expected property name or '}' in JSON at position 1 (line 1 column 2))
    oracle_test.go:147: {"permission":{"bash":"allow"}} /* unterminated: got "unexpected data after the JSON value", want ""
    oracle_test.go:149: {"shellTools":{"exec_command":{"commandArgument":"cmd","workdirArgument":"workdir"}},"permission":{"bash":"deny"}} shellTools: got "", want "exec_command"
--- FAIL: TestWrapperClassificationAgainstOriginal (0.00s)
    oracle_test.go:167: eval rm: got "", want "opaque-payload"
    oracle_test.go:167: bash -c rm: got "", want "opaque-payload"
    oracle_test.go:167: sh -c rm: got "", want "opaque-payload"
    oracle_test.go:167: dash -c rm: got "", want "opaque-payload"
    oracle_test.go:167: zsh -c rm: got "", want "opaque-payload"
    oracle_test.go:167: ksh -c rm: got "", want "opaque-payload"
    oracle_test.go:167: bash -ec rm: got "", want "opaque-payload"
    oracle_test.go:167: bash -xc rm: got "", want "opaque-payload"
    oracle_test.go:167: /bin/bash -c rm: got "", want "opaque-payload"
    oracle_test.go:167: sudo aws s3 ls: got "", want "indirection"
    oracle_test.go:167: env FOO=bar aws: got "", want "indirection"
    oracle_test.go:167: xargs grep foo: got "", want "indirection"
    oracle_test.go:167: timeout 10 grep foo: got "", want "indirection"
    oracle_test.go:167: nice -n 5 make: got "", want "indirection"
    oracle_test.go:167: doas ls: got "", want "indirection"
    oracle_test.go:167: flock /tmp/lock ls: got "", want "indirection"
    oracle_test.go:167: find . -exec grep foo {} ;: got "", want "indirection"
    oracle_test.go:167: find . -execdir rm {} ;: got "", want "indirection"
    oracle_test.go:167: fd -x rm: got "", want "indirection"
    oracle_test.go:167: fd --exec-batch rm: got "", want "indirection"
    oracle_test.go:167: ./sudo ls: got "", want "indirection"
    oracle_test.go:167: sudo: got "", want "indirection"
    oracle_test.go:167: bash -c: got "", want "opaque-payload"
    oracle_test.go:167: rush x: got "", want "indirection"
    oracle_test.go:167: rust-parallel x: got "", want "indirection"
    oracle_test.go:167: setsid x: got "", want "indirection"
    oracle_test.go:167: stdbuf x: got "", want "indirection"
    oracle_test.go:167: watch x: got "", want "indirection"
    oracle_test.go:167: parallel x: got "", want "indirection"
    oracle_test.go:167: time x: got "", want "indirection"
    oracle_test.go:167: nohup x: got "", want "indirection"
    oracle_test.go:167: /usr/bin/xargs rm: got "", want "indirection"
    oracle_test.go:167: fd -X rm: got "", want "indirection"
    oracle_test.go:167: fd --exec rm: got "", want "indirection"
    oracle_test.go:167: find . -ok rm: got "", want "indirection"
    oracle_test.go:167: find . -okdir rm: got "", want "indirection"
    oracle_test.go:167: find -exec: got "", want "indirection"
    oracle_test.go:167: sh -n -c x: got "", want "opaque-payload"
    oracle_test.go:167: sh -cx x: got "", want "opaque-payload"
    oracle_test.go:167: sh x -c y: got "", want "opaque-payload"
--- FAIL: TestWrapperAnalysis (0.00s)
    --- FAIL: TestWrapperAnalysis/flags_eval_rm (0.00s)
        oracle_test.go:180: eval rm: got "", want "opaque-payload"
    --- FAIL: TestWrapperAnalysis/flags_bash_-c_rm (0.00s)
        oracle_test.go:180: bash -c rm: got "", want "opaque-payload"
    --- FAIL: TestWrapperAnalysis/flags_sh_-c_rm (0.00s)
        oracle_test.go:180: sh -c rm: got "", want "opaque-payload"
    --- FAIL: TestWrapperAnalysis/flags_dash_-c_rm (0.00s)
        oracle_test.go:180: dash -c rm: got "", want "opaque-payload"
    --- FAIL: TestWrapperAnalysis/flags_zsh_-c_rm (0.00s)
        oracle_test.go:180: zsh -c rm: got "", want "opaque-payload"
    --- FAIL: TestWrapperAnalysis/flags_ksh_-c_rm (0.00s)
        oracle_test.go:180: ksh -c rm: got "", want "opaque-payload"
    --- FAIL: TestWrapperAnalysis/flags_bash_-ec_rm (0.00s)
        oracle_test.go:180: bash -ec rm: got "", want "opaque-payload"
    --- FAIL: TestWrapperAnalysis/flags_bash_-xc_rm (0.00s)
        oracle_test.go:180: bash -xc rm: got "", want "opaque-payload"
    --- FAIL: TestWrapperAnalysis/flags_/bin/bash_-c_rm (0.00s)
        oracle_test.go:180: /bin/bash -c rm: got "", want "opaque-payload"
    --- FAIL: TestWrapperAnalysis/flags_sudo_aws_s3_ls (0.00s)
        oracle_test.go:183: sudo aws s3 ls: got "", want "indirection"
    --- FAIL: TestWrapperAnalysis/flags_env_FOO=bar_aws (0.00s)
        oracle_test.go:183: env FOO=bar aws: got "", want "indirection"
    --- FAIL: TestWrapperAnalysis/flags_xargs_grep_foo (0.00s)
        oracle_test.go:183: xargs grep foo: got "", want "indirection"
    --- FAIL: TestWrapperAnalysis/flags_timeout_10_grep_foo (0.00s)
        oracle_test.go:183: timeout 10 grep foo: got "", want "indirection"
    --- FAIL: TestWrapperAnalysis/flags_nice_-n_5_make (0.00s)
        oracle_test.go:183: nice -n 5 make: got "", want "indirection"
    --- FAIL: TestWrapperAnalysis/flags_doas_ls (0.00s)
        oracle_test.go:183: doas ls: got "", want "indirection"
    --- FAIL: TestWrapperAnalysis/flags_flock_/tmp/lock_ls (0.00s)
        oracle_test.go:183: flock /tmp/lock ls: got "", want "indirection"
    --- FAIL: TestWrapperAnalysis/flags_the_exec-conditional_find_._-exec_grep_foo_{}_; (0.00s)
        oracle_test.go:186: find . -exec grep foo {} ;: got "", want "indirection"
    --- FAIL: TestWrapperAnalysis/flags_the_exec-conditional_find_._-execdir_rm_{}_; (0.00s)
        oracle_test.go:186: find . -execdir rm {} ;: got "", want "indirection"
    --- FAIL: TestWrapperAnalysis/flags_the_exec-conditional_fd_-x_rm (0.00s)
        oracle_test.go:186: fd -x rm: got "", want "indirection"
    --- FAIL: TestWrapperAnalysis/flags_the_exec-conditional_fd_--exec-batch_rm (0.00s)
        oracle_test.go:186: fd --exec-batch rm: got "", want "indirection"
--- FAIL: TestShellToolAliasIsRefused (0.00s)
    oracle_test.go:240: an aliased shell tool is refused: got false, want true
--- FAIL: TestLoadConfigRefusesASchemaViolation (0.00s)
    oracle_test.go:258: issue: got "", want "Invalid config value at 'permission.bash': Invalid input"
    oracle_test.go:259: rm is not allowed by a refused file: got false, want true
    oracle_test.go:262: comments: got "invalid character '/' looking for beginning of value", want ""
    oracle_test.go:263: the commented file is used: got "ask", want "deny"
--- FAIL: TestSkillPromptSanitizer (0.00s)
    --- FAIL: TestSkillPromptSanitizer/matches_exact_location_path (0.00s)
        skills_test.go:27: name: got "", want "librarian"
    --- FAIL: TestSkillPromptSanitizer/matches_path_within_skill_base_directory (0.00s)
        skills_test.go:30: name: got "", want "librarian"
    --- FAIL: TestSkillPromptSanitizer/prefers_longer_matching_base_directory_(most_specific_skill_wins) (0.00s)
        skills_test.go:43: name: got "", want "child"
    --- FAIL: TestSkillPromptSanitizer/parseAllSkillPromptSections_finds_every_available_skills_block (0.00s)
        skills_test.go:52: sections: [][]pi_permission_system.skillPromptEntry(nil)
--- FAIL: TestSkillReadGate (0.00s)
    skills_test.go:80: a denied skill and a nameless one are not listed: got []string(nil), want []string{"demo=ask", "open=allow", "a&b=ask"}
    skills_test.go:82: entries: []pi_permission_system.skillEntry(nil)
--- FAIL: TestVisibleSkillPromptEntries (0.00s)
    --- FAIL: TestVisibleSkillPromptEntries/keeps_all_skills_visible_when_all_are_allowed (0.00s)
        skills_test.go:135: names: got []string(nil), want []string{"librarian", "ask-user"}
    --- FAIL: TestVisibleSkillPromptEntries/keeps_a_denied_skill_out_of_the_visible_entries (0.00s)
        skills_test.go:139: names: got []string(nil), want []string{"alpha"}
    --- FAIL: TestVisibleSkillPromptEntries/keeps_an_ask-state_skill_visible (0.00s)
        skills_test.go:143: states: got []string(nil), want []string{"alpha=allow", "beta=ask"}
    --- FAIL: TestVisibleSkillPromptEntries/classifies_every_catalogue_in_the_prompt (0.00s)
        skills_test.go:148: names: got []string(nil), want []string{"alpha"}
    --- FAIL: TestVisibleSkillPromptEntries/resolves_entry_normalizedLocation_relative_to_cwd (0.00s)
        skills_test.go:153: entries: []pi_permission_system.skillEntry(nil)
    --- FAIL: TestVisibleSkillPromptEntries/REGRESSION:_visibleSkillPromptEntries_excludes_a_denied_skill_from_every_available_skills_block (0.00s)
        skills_test.go:167: entries: []pi_permission_system.skillEntry(nil)
    --- FAIL: TestVisibleSkillPromptEntries/REGRESSION:_visibleSkillPromptEntries_keeps_only_visible_skills_available_for_path_matching (0.00s)
        skills_test.go:179: the visible skill: got false, want true
--- FAIL: TestAdapterSkillRead (0.00s)
    adapter_test.go:178: the skill's file: got false, want true
    adapter_test.go:179: names the skill: got false, want true
FAIL
FAIL	github.com/MichaelKinsy/pigpen/pi-permission-system	0.076s
FAIL

# second red run (the schema's key order), after 227df1c
--- FAIL: TestBashGateAgainstOriginal (0.04s)
    oracle_test.go:91: surface-order: ls: the original says deny, the port allows
    oracle_test.go:91: surface-order: echo hi: the original says deny, the port allows
--- FAIL: TestConfigSchemaAgainstOriginal (0.00s)
    oracle_test.go:160: {"permission": {"__proto__": "allow"}} permission: got "{\"__proto__\":\"allow\"}", want "{}"
    oracle_test.go:160: {"permission":{"b*":"deny","bash":"allow","*":"ask","zz":"allow","1":"deny","path":"allow"}} permission: got "{\"1\":\"deny\",\"b*\":\"deny\",\"bash\":\"allow\",\"*\":\"ask\",\"zz\":\"allow\",\"path\":\"allow\"}", want "{\"1\":\"deny\",\"*\":\"ask\",\"path\":\"allow\",\"bash\":\"allow\",\"b*\":\"deny\",\"zz\":\"allow\"}"
FAIL
FAIL	github.com/MichaelKinsy/pigpen/pi-permission-system	0.080s
FAIL
