red run against stubs: 387 failing, 45 passing, 3 skipped
--- passing on the stubs (no-op cases; proven by mutations after green)
TestAutoClear/resets_countdown_when_a_new_task_is_created_before_REMINDER_INTERVAL
TestAutoClear/trackCompletion_is_a_no-op
TestAutoClear/reset_clears_per-task_tracking_so_old_completions_don't_fire
TestAutoClear/reset_clears_batch_countdown_so_old_all-completed_state_doesn't_fire
TestAutoClear/keeps_the_list_in_never_mode
TestAutoClear/reset_drops_the_armed_boundary
TestReminderCadence/starts_with_reminder_not_due
TestReminderCadence/does_NOT_mark_reminder_due_when_no_tasks_exist
TestReminderCadence/does_NOT_mark_reminder_due_before_the_interval_elapses
TestReminderCadence/resetCadenceState_wipes_everything
TestTasksConfig/returns_an_empty_config_when_no_files_exist
TestTasksConfig/ignores_non-object_config_values
TestTaskGlyphs/returns_the_built-in_glyphs_for_an_empty_glyph_object
TestTaskPaths/resolves_a_relative_workspace_against_the_process_directory
TestTaskPaths/keeps_sessions_in_one_workspace_together
TestTaskSort/defaults_an_omitted_rank_to_the_'status'_preset_order
TestTaskSort/malformed_orders_fall_back_to_id_order_(it.each:_not_in_the_title_ledger)/null
TestTaskSort/malformed_orders_fall_back_to_id_order_(it.each:_not_in_the_title_ledger)/a_non-array_object
TestTaskSort/malformed_orders_fall_back_to_id_order_(it.each:_not_in_the_title_ledger)/an_empty_spec
TestTaskSort/malformed_orders_fall_back_to_id_order_(it.each:_not_in_the_title_ledger)/an_unknown_field
TestTaskSort/malformed_orders_fall_back_to_id_order_(it.each:_not_in_the_title_ledger)/a_non-array_rank
TestTaskSort/malformed_orders_fall_back_to_id_order_(it.each:_not_in_the_title_ledger)/a_non-object_key
TestTaskSort/malformed_orders_fall_back_to_id_order_(it.each:_not_in_the_title_ledger)/a_prototype_property_name
TestTaskSort/malformed_orders_fall_back_to_id_order_(it.each:_not_in_the_title_ledger)/an_unknown_preset_name
TestTaskSort/malformed_orders_fall_back_to_id_order_(it.each:_not_in_the_title_ledger)/a_bad_direction
TestTaskSort/malformed_orders_fall_back_to_id_order_(it.each:_not_in_the_title_ledger)/an_invalid_rank_entry
TestTaskSort/malformed_orders_fall_back_to_id_order_(it.each:_not_in_the_title_ledger)
TestTaskSort/rejects_a_spec_if_any_key_is_invalid
TestTaskStoreSharedFileAccess/reclaims_a_lock_file_holding_garbage
TestTaskStoreSharedFileAccess/still_reads_the_PID_out_of_a_lock_written_in_the_pid:token_format
TestTaskStoreSharedFileAccess/leaves_no_lock_or_temp_file_behind_after_a_mutation
TestTaskStoreInMemory/clearCompleted_returns_0_when_no_completed_tasks
TestProcessTracker/stop_returns_false_for_untracked_task
TestProcessTracker/stop_returns_false_for_already-completed_process
TestTaskWidget/shows_nothing_when_no_tasks_exist
TestTaskWidget/hides_completed_blockers_in_blocked-by_suffix
TestTaskWidget/does_not_crash_the_host_when_a_task_is_missing_legacy_fields
TestTaskWidget/dispose_clears_widget_and_timer
TestTaskWidget/cleans_up_metrics_when_stale_active_IDs_are_pruned
TestSpinnerAnimationTiming/does_not_advance_when_task_activity_redraws_the_widget
TestWidgetAgentIDDisplay/does_not_show_agent_ID_for_pending_tasks
TestWidgetAgentIDDisplay/does_not_show_agent_ID_for_completed_tasks
TestStandaloneOperation/subagents_lifecycle_events_are_silently_ignored_without_mapped_agents
TestRPCProtocolCorrectness/ping_uses_scoped_reply_channel_(not_shared_channel)
TestProtocolVersionMismatch/matching_version_—_no_warning
--- failing
TestAutoClear/does_not_clear_completed_task_before_REMINDER_INTERVAL_turns
TestAutoClear/clears_completed_task_after_REMINDER_INTERVAL_turns
TestAutoClear/clears_each_task_independently_based_on_its_own_completion_turn
TestAutoClear/does_not_clear_pending_or_in_progress_tasks
TestAutoClear/cleans_up_dependency_edges_when_auto-clearing
TestAutoClear/returns_true_when_tasks_are_cleared
TestAutoClear/does_not_clear_when_some_tasks_are_still_pending
TestAutoClear/does_not_clear_immediately_when_all_tasks_complete
TestAutoClear/clears_all_completed_tasks_after_REMINDER_INTERVAL_turns_when_all_are_completed
TestAutoClear/returns_true_when_tasks_are_cleared#01
TestAutoClear/resets_countdown_when_a_task_goes_back_to_in_progress
TestAutoClear/never_clears_completed_tasks_regardless_of_turns
TestAutoClear/respects_mode_changes_via_getMode_callback
TestAutoClear/operates_on_the_current_store_after_swap
TestAutoClear/clears_from_new_store,_not_old_store
TestAutoClear/tracking_works_normally_after_reset
TestAutoClear/retires_a_finished_list_before_the_new_tasks_land_(${mode})/on_list_complete
TestAutoClear/retires_a_finished_list_before_the_new_tasks_land_(${mode})/on_task_complete
TestAutoClear/retires_a_finished_list_before_the_new_tasks_land_(${mode})
TestAutoClear/keeps_a_list_the_agent_is_still_building_in_the_same_run
TestAutoClear/leaves_a_list_with_unfinished_work_alone
TestAutoClear/does_nothing_on_an_empty_store
TestAutoClear/clears_a_list_a_subagent_finished_after_its_run_ended
TestAutoClear/arms_once_per_run,_so_the_batch_it_starts_is_not_swept_mid-build
TestAutoClear/does_not_cut_the_new_batch's_own_countdown_short
TestAutoClear
TestReminderCadence/marks_reminder_due_after_REMINDER_INTERVAL_non-task_turns_when_tasks_exist
TestReminderCadence/task_tool_usage_resets_cadence_and_clears_any_pending_reminder
TestReminderCadence/does_not_re-fire_within_the_same_injection_cycle
TestReminderCadence/re-arms_after_a_task_tool_usage_resets_the_cycle
TestReminderCadence/drainReminderForContext_is_a_one-shot_(only_fires_once_per_cycle)
TestReminderCadence
TestTasksConfig/loads_global_defaults_from_the_agent_directory
TestTasksConfig/merges_project_overrides_over_global_defaults
TestTasksConfig/ignores_a_malformed_global_config
TestTasksConfig/falls_back_to_global_defaults_when_the_project_config_is_malformed
TestTasksConfig/saves_project_settings_when_no_global_defaults_exist
TestTasksConfig/saves_only_values_that_differ_from_global_defaults
TestTasksConfig/preserves_a_project_override_across_save_and_reload_cycles
TestTasksConfig/round-trips_a_custom_sortOrder_spec
TestTasksConfig/does_not_copy_a_global_sortOrder_spec_into_the_project_override
TestTasksConfig/writes_a_sortOrder_spec_that_differs_from_the_global_default
TestTasksConfig/writes_an_empty_project_override_object_when_effective_settings_match_global_defaults
TestTasksConfig/merges_glyphs_one_by_one_rather_than_replacing_the_whole_set
TestTasksConfig/leaves_glyphs_absent_when_neither_config_sets_any
TestTasksConfig/does_not_copy_global_glyphs_into_the_project_override
TestTasksConfig/writes_only_the_glyphs_that_differ_from_the_global_ones
TestTasksConfig/preserves_a_project_glyph_override_across_save_and_reload_cycles
TestTasksConfig
TestTaskGlyphs/returns_the_built-in_glyphs_when_nothing_is_configured
TestTaskGlyphs/applies_every_configured_glyph
TestTaskGlyphs/keeps_the_default_for_glyphs_that_are_not_configured
TestTaskGlyphs/falls_back_per_glyph_when_a_value_is_not_a_non-empty_string
TestTaskGlyphs/falls_back_per_glyph_for_a_control_character_or_a_bidi_override
TestTaskGlyphs/accepts_a_single_space,_which_renders_as_spacing_only
TestTaskGlyphs/accepts_glyphs_that_are_more_than_one_character
TestTaskGlyphs/follows_`completed`_when_only_`completed`_is_set
TestTaskGlyphs/wins_over_`completed`_when_set_explicitly
TestTaskGlyphs/falls_back_through_`completed`_to_the_default_when_both_are_unusable
TestTaskGlyphs/accepts_frames_that_are_more_than_one_glyph
TestTaskGlyphs/falls_back_as_a_whole_when_the_configured_sequence_is_unusable
TestTaskGlyphs
TestTaskPaths/names_a_workspace_the_way_pi_names_it_in_its_own_session_logs
TestTaskPaths/keeps_different_workspaces_apart
TestTaskPaths/writes_into_the_workspace,_exactly_where_every_release_so_far_has
TestTaskPaths/ignores_the_agent_directory_entirely
TestTaskPaths/keeps_a_new_session's_tasks_outside_the_workspace
TestTaskPaths/leaves_a_session_that_already_has_a_workspace_file_where_it_is
TestTaskPaths/does_not_confuse_one_session's_workspace_file_for_another's
TestTaskPaths/follows_a_relocated_agent_directory
TestTaskPaths
TestTaskSort/presets_match_the_original_comparators_(it.each:_not_in_the_title_ledger)
TestTaskSort/'status'_keeps_completed_first_with_ids_ascending_inside_each_group
TestTaskSort/'active'_puts_in-progress_first,_then_pending,_then_completed
TestTaskSort/'recent'_breaks_updatedAt_ties_by_descending_id
TestTaskSort/defaults_to_id_order
TestTaskSort/returns_a_copy_without_mutating_the_input
TestTaskSort/applies_a_custom_status_rank_with_an_id_tie-break
TestTaskSort/sorts_statuses_left_out_of_the_rank_last,_tied_among_themselves
TestTaskSort/reverses_a_single_key_with_direction_'desc'
TestTaskSort/reverses_the_status_rank_when_the_status_key_is_descending
TestTaskSort/falls_through_to_later_keys_only_on_a_tie
TestTaskSort
TestTaskStoreSharedFileAccess/assigns_distinct_IDs_when_two_sessions_create_tasks_in_turn
TestTaskStoreSharedFileAccess/does_not_lose_the_other_session's_writes_when_both_mutate_the_same_task
TestTaskStoreSharedFileAccess/sees_another_session's_new_tasks_without_being_reconstructed
TestTaskStoreSharedFileAccess/sees_another_session's_deletions
TestTaskStoreSharedFileAccess/reclaims_a_lock_left_behind_by_a_dead_process
TestTaskStoreSharedFileAccess/reclaims_a_lock_file_that_never_got_a_PID_written_to_it
TestTaskStoreSharedFileAccess/does_not_delete_a_lock_that_a_successor_now_holds
TestTaskStoreSharedFileAccess/removes_its_own_lock_even_after_reclaiming_a_stale_one
TestTaskStoreSharedFileAccess/snapshots_the_latest_state_written_by_another_session
TestTaskStoreSharedFileAccess/seeds_an_empty_store_and_carries_the_ID_counter_over
TestTaskStoreSharedFileAccess/is_a_no-op_on_a_store_that_already_has_tasks,_so_re-seeding_never_duplicates
TestTaskStoreSharedFileAccess/does_not_write_the_parent's_file_when_the_seeded_copy_is_mutated
TestTaskStoreSharedFileAccess
TestTaskStoreInMemory/creates_tasks_with_auto-incrementing_IDs
TestTaskStoreInMemory/creates_tasks_with_optional_fields
TestTaskStoreInMemory/gets_a_task_by_ID
TestTaskStoreInMemory/returns_undefined_for_non-existent_task
TestTaskStoreInMemory/lists_all_tasks_sorted_by_ID
TestTaskStoreInMemory/lists_tasks_sorted_by_status_when_sortOrder_is_'status'
TestTaskStoreInMemory/lists_tasks_sorted_by_most_recently_updated_when_sortOrder_is_'recent'
TestTaskStoreInMemory/lists_tasks_sorted_by_least_recently_updated_when_sortOrder_is_'oldest'
TestTaskStoreInMemory/updates_task_status
TestTaskStoreInMemory/updates_multiple_fields_at_once
TestTaskStoreInMemory/deletes_a_task_with_status:_deleted
TestTaskStoreInMemory/preserves_ID_counter_after_deletion
TestTaskStoreInMemory/merges_metadata_with_null_key_deletion
TestTaskStoreInMemory/sets_up_bidirectional_blocks_via_addBlocks
TestTaskStoreInMemory/sets_up_bidirectional_blocks_via_addBlockedBy
TestTaskStoreInMemory/does_not_duplicate_dependency_edges
TestTaskStoreInMemory/cleans_up_dependency_edges_on_deletion
TestTaskStoreInMemory/clears_completed_tasks
TestTaskStoreInMemory/returns_not_found_for_update_on_non-existent_task
TestTaskStoreInMemory/delete_method_works
TestTaskStoreInMemory/creates_tasks_with_metadata_via_TaskCreate
TestTaskStoreInMemory/allows_circular_dependencies_with_warning
TestTaskStoreInMemory/allows_self-dependency_with_warning
TestTaskStoreInMemory/stores_dangling_edge_IDs_with_warning
TestTaskStoreInMemory/returns_no_warnings_for_valid_dependencies
TestTaskStoreInMemory/accepts_whitespace-only_subjects_(matches_Claude_Code)
TestTaskStoreInMemory/updates_activeForm_field
TestTaskStoreInMemory/updates_description_field
TestTaskStoreInMemory/returns_empty_changedFields_when_updating_non-existent_task
TestTaskStoreInMemory/clearCompleted_cleans_up_dependency_edges
TestTaskStoreInMemory/handles_multiple_addBlocks_in_one_call
TestTaskStoreInMemory/addBlockedBy_warns_on_self-dependency
TestTaskStoreInMemory/addBlockedBy_warns_on_dangling_ref
TestTaskStoreInMemory/addBlockedBy_warns_on_cycle
TestTaskStoreInMemory/list_sorts_pending_→_in_progress_→_completed_with_all_three_present
TestTaskStoreInMemory
TestTaskStoreFileBacked/persists_tasks_to_disk
TestTaskStoreFileBacked/persists_in_progress_updates_to_disk
TestTaskStoreFileBacked/persists_completed_tasks_to_disk
TestTaskStoreFileBacked/restores_all_tasks_across_instances
TestTaskStoreFileBacked/persists_ID_counter_across_instances
TestTaskStoreFileBacked
TestTaskStoreAbsolutePath/accepts_absolute_path_and_persists_tasks
TestTaskStoreAbsolutePath/persists_completed_tasks_when_using_absolute_path
TestTaskStoreAbsolutePath/recreates_the_parent_directory_before_later_mutations
TestTaskStoreAbsolutePath/normalizes_legacy_task_records_missing_blockedBy/blocks/metadata_on_load
TestTaskStoreAbsolutePath/creates_the_backing_directory_lazily_—_not_on_construction,_but_on_first_write
TestTaskStoreAbsolutePath
TestTaskStoreListIDResolution/resolves_a_bare_list_ID_under_the_user's_home_directory,_not_the_working_directory
TestTaskStoreListIDResolution
TestTaskStoreMalformedFiles/continues_IDs_after_the_highest_existing_task_when_nextId_is_missing
TestTaskStoreMalformedFiles/starts_from_1_when_nextId_is_missing_and_there_are_no_tasks
TestTaskStoreMalformedFiles/does_not_reissue_an_ID_that_a_task_already_holds
TestTaskStoreMalformedFiles/keeps_the_tasks_it_has_when_the_file_has_no_task_array
TestTaskStoreMalformedFiles/keeps_the_tasks_it_has_when_the_file_is_not_valid_JSON
TestTaskStoreMalformedFiles/keeps_the_tasks_it_has_when_the_file_holds_a_JSON_array
TestTaskStoreMalformedFiles/skips_entries_that_are_not_task_records
TestTaskStoreMalformedFiles/respects_a_valid_nextId
TestTaskStoreMalformedFiles
TestProcessTracker/returns_undefined_for_untracked_task
TestProcessTracker/tracks_a_process_and_captures_stdout
TestProcessTracker/tracks_a_process_and_captures_stderr
TestProcessTracker/reports_error_status_for_non-zero_exit
TestProcessTracker/waitForCompletion_returns_immediately_for_already-completed_process
TestProcessTracker/waitForCompletion_returns_undefined_for_untracked_task
TestProcessTracker/waitForCompletion_waits_for_process_to_finish
TestProcessTracker/waitForCompletion_times_out_if_process_takes_too_long
TestProcessTracker/stop_sends_SIGTERM_and_marks_process_stopped
TestProcessTracker/getProcess_returns_the_background_process_record
TestProcessTracker/handles_process_error_event
TestProcessTracker/waitForCompletion_respects_abort_signal
TestProcessTracker/notifies_waiters_when_process_completes
TestProcessTracker
TestTaskWidget/renders_pending_tasks_with_◻_icon
TestTaskWidget/renders_in-progress_tasks_with_◼_icon
TestTaskWidget/renders_completed_tasks_with_✔_icon_and_strikethrough
TestTaskWidget/renders_active_tasks_with_spinner_icon
TestTaskWidget/shows_blocked-by_info_for_pending_tasks
TestTaskWidget/shows_status_summary_in_header
TestTaskWidget/clears_widget_when_all_tasks_are_deleted
TestTaskWidget/limits_visible_tasks_to_MAX_VISIBLE_TASKS
TestTaskWidget/respects_maxVisible_config
TestTaskWidget/shows_all_tasks_when_limit_exceeds_task_count
TestTaskWidget/shows_all_tasks_when_showAll_is_true_even_with_maxVisible_set
TestTaskWidget/truncates_from_top_when_hiddenAt_is_'top'
TestTaskWidget/truncates_from_bottom_when_hiddenAt_holds_an_unrecognised_value
TestTaskWidget/truncates_from_bottom_by_default
TestTaskWidget/replaces_completed_tasks_with_a_single_count_line
TestTaskWidget/leaves_the_header_counts_untouched
TestTaskWidget/applies_the_visible_limit_to_the_remaining_tasks_only
TestTaskWidget/emits_no_count_line_when_nothing_is_completed
TestTaskWidget/stays_visible_as_header_plus_count_line_when_everything_is_completed
TestTaskWidget/lists_completed_tasks_individually_when_off
TestTaskWidget/sorts_tasks_by_status_when_sortOrder_is_'status'
TestTaskWidget/sorts_active_work_first_when_sortOrder_is_'active'
TestTaskWidget/honours_a_custom_sort_spec_from_config
TestTaskWidget/defaults_to_ID_order_when_sortOrder_is_unset
TestTaskWidget/keeps_ID_order_when_sortOrder_is_'id'
TestTaskWidget/tracks_token_usage_for_active_tasks
TestTaskWidget/deactivates_a_task_with_setActiveTask(id,_false)
TestTaskWidget/prunes_stale_active_IDs_on_update
TestTaskWidget/supports_multiple_active_tasks_simultaneously
TestTaskWidget/distributes_token_usage_across_all_active_tasks
TestTaskWidget/uses_subject_as_fallback_when_no_activeForm
TestTaskWidget/shows_elapsed_time_but_no_token_arrows_when_tokens_are_zero
TestTaskWidget/indents_task_lines_under_header
TestTaskWidget/widget_is_placed_aboveEditor
TestTaskWidget
TestFormatDuration/shows_seconds_for_short_durations
TestFormatDuration/shows_hours_for_long_durations
TestFormatDuration/shows_exact_hours_without_minutes
TestFormatDuration/shows_minutes_and_seconds
TestFormatDuration/formats_small_token_counts_without_k_suffix
TestFormatDuration/formats_token_counts_with_k_suffix_and_removes_.0
TestFormatDuration
TestConfigurableGlyphs/renders_the_default_glyphs_when_none_are_configured
TestConfigurableGlyphs/renders_configured_status_glyphs
TestConfigurableGlyphs/renders_a_configured_header_glyph
TestConfigurableGlyphs/follows_the_completed_glyph_on_the_collapsed_count_line
TestConfigurableGlyphs/prefers_an_explicit_completedSummary_on_the_collapsed_count_line
TestConfigurableGlyphs/cycles_the_configured_spinner_frames_on_the_active_task
TestConfigurableGlyphs/renders_a_multi-glyph_spinner_frame_whole
TestConfigurableGlyphs/renders_a_configured_overflow_glyph
TestConfigurableGlyphs/renders_a_configured_blocked_glyph
TestConfigurableGlyphs/renders_configured_token,_separator_and_trailing_glyphs_on_the_active_row
TestConfigurableGlyphs/clips_over-wide_lines_with_the_configured_truncation_glyph
TestConfigurableGlyphs/clips_with_three_ASCII_dots_by_default
TestConfigurableGlyphs/falls_back_to_the_defaults_for_unusable_glyph_values
TestConfigurableGlyphs/never_lets_a_glyph_carry_a_control_character_into_a_rendered_line
TestConfigurableGlyphs
TestSpinnerAnimationTiming/advances_one_frame_per_timer_tick
TestSpinnerAnimationTiming/still_animates_after_an_unrelated_redraw
TestSpinnerAnimationTiming
TestWidgetAgentIDDisplay/shows_agent_ID_for_active_agent-backed_tasks
TestWidgetAgentIDDisplay/shows_agent_ID_for_non-active_in_progress_agent-backed_tasks
TestWidgetAgentIDDisplay/does_not_show_agent_ID_for_tasks_without_agentId
TestWidgetAgentIDDisplay
TestAutoCascade/starts_a_dependent_task_and_records_its_agent_when_the_blocker_completes
TestAutoCascade/carries_the_launch_model_and_turn_limit_into_cascaded_agents
TestAutoCascade/waits_for_every_blocker,_not_just_the_one_that_completed
TestAutoCascade/does_not_cascade_into_tasks_that_do_not_depend_on_the_completed_one
TestAutoCascade/reverts_a_dependent_to_pending_and_records_the_error_when_its_spawn_fails
TestAutoCascade/chains_through_a_three-task_dependency_line
TestAutoCascade/does_not_cascade_when_the_blocker_fails
TestAutoCascade
TestTasksCommand/offers_only_view_and_create_when_the_list_is_empty
TestTasksCommand/offers_the_clear_actions_with_their_counts_once_tasks_exist
TestTasksCommand/starts_a_pending_task
TestTasksCommand/completes_an_in-progress_task
TestTasksCommand/deletes_a_task
TestTasksCommand/offers_Complete_only_for_in-progress_tasks
TestTasksCommand/acts_on_the_task_whose_row_was_picked,_not_on_an_ID_inside_its_subject
TestTasksCommand/acts_on_the_picked_row_even_when_the_status_glyph_contains_an_ID
TestTasksCommand/lists_tasks_with_the_default_status_glyphs
TestTasksCommand/lists_tasks_with_the_configured_status_glyphs
TestTasksCommand/shows_a_placeholder_screen_when_there_is_nothing_to_view
TestTasksCommand/clears_only_completed_tasks
TestTasksCommand/clears_every_task_and_removes_the_now-empty_session_file
TestTasksCommand/keeps_the_file_when_clearing_completed_leaves_work_behind
TestTasksCommand/creates_a_task_from_the_subject_and_description_prompts
TestTasksCommand/creates_nothing_when_the_subject_prompt_is_cancelled
TestTasksCommand/creates_nothing_when_the_description_prompt_is_cancelled
TestTasksCommand
TestSessionTaskRehydration/renders_default_session-scoped_tasks_immediately_after_reload
TestSessionTaskRehydration/renders_tasks_from_a_PI_TASKS_path_override_after_reload
TestSessionTaskRehydration/renders_persisted_tasks_after_/resume
TestSessionTaskRehydration/switches_the_session-scoped_store_to_the_new_session_on_/new
TestSessionTaskRehydration/seeds_a_forked_session_with_an_independent_copy_of_the_parent's_tasks
TestSessionTaskRehydration
TestWorkspaceScopedStoreResolution/namespaces_session_tasks_by_ctx.cwd_instead_of_the_host_process_cwd
TestWorkspaceScopedStoreResolution/keeps_identical_session_IDs_isolated_between_workspaces
TestWorkspaceScopedStoreResolution/loads_project_scope_from_ctx.cwd_and_stores_the_shared_task_list_there
TestWorkspaceScopedStoreResolution/resolves_relative_PI_TASKS_paths_from_ctx.cwd
TestWorkspaceScopedStoreResolution/switches_session_stores_when_the_session_ID_changes_in_the_same_workspace
TestWorkspaceScopedStoreResolution
TestTaskExecute/is_registered_as_a_tool
TestTaskExecute/returns_error_when_subagent_extension_is_not_loaded
TestTaskExecute/rejects_non-existent_tasks
TestTaskExecute/rejects_tasks_without_agentType
TestTaskExecute/rejects_non-pending_tasks
TestTaskExecute/rejects_tasks_with_unresolved_blockers
TestTaskExecute/spawns_agent_for_valid_task_and_updates_metadata
TestTaskExecute/passes_additional_context_and_max_turns_to_spawned_agents
TestTaskExecute/allows_executing_tasks_whose_blockers_are_all_completed
TestTaskExecute/handles_mixed_valid_and_invalid_tasks_in_one_call
TestTaskExecute/detects_subagents_when_ready_fires_after_tasks_init
TestTaskExecute
TestCompletionListener/marks_task_completed_on_subagents:completed_event
TestCompletionListener/reverts_task_to_pending_on_subagents:failed_event
TestCompletionListener/completes_the_task_and_keeps_the_partial_result_when_the_agent_was_stopped
TestCompletionListener/keeps_an_earlier_result_when_a_stopped_agent_reports_none
TestCompletionListener/drops_an_earlier_result_when_a_retry_fails
TestCompletionListener/ignores_events_for_unknown_agent_IDs
TestCompletionListener
TestAutoCascadeOffByDefault/does_NOT_cascade_when_auto-cascade_is_off_(default)
TestAutoCascadeOffByDefault/does_NOT_cascade_on_failure_(branch_stops)
TestAutoCascadeOffByDefault/tasks_without_agentType_are_not_cascaded_even_if_unblocked
TestAutoCascadeOffByDefault
TestStandaloneOperation/all_core_task_tools_are_registered
TestStandaloneOperation/TaskCreate_works_without_subagents
TestStandaloneOperation/TaskList_works_without_subagents
TestStandaloneOperation/TaskGet_works_without_subagents
TestStandaloneOperation/TaskUpdate_works_without_subagents
TestStandaloneOperation/TaskExecute_gracefully_refuses_without_subagents
TestStandaloneOperation/task_dependencies_work_without_subagents
TestStandaloneOperation
TestRPCProtocolCorrectness/spawn_reply_cleans_up_listener_and_timer_on_success
TestRPCProtocolCorrectness/spawn_RPC_rejects_on_timeout_when_no_responder_exists
TestRPCProtocolCorrectness/ready_broadcast_sets_subagentsAvailable_even_after_init
TestRPCProtocolCorrectness/spawn_RPC_rejects_with_error_message_from_server
TestRPCProtocolCorrectness/stop_RPC_resolves_on_success
TestRPCProtocolCorrectness/stop_RPC_returns_false_on_error_(agent_not_found)_without_throwing
TestRPCProtocolCorrectness/stop_RPC_returns_false_on_timeout_without_throwing
TestRPCProtocolCorrectness
TestProtocolVersionMismatch/old_handler_(no_version)_—_warns_about_pi-subagents
TestProtocolVersionMismatch
TestCascadeDataInjection/injects_prerequisite_result_into_cascaded_agent_prompt
TestCascadeDataInjection/truncates_long_prerequisite_results_at_4KB
TestCascadeDataInjection/handles_dependencies_with_no_stored_result_gracefully
TestCascadeDataInjection
TestAutoClearLifecycle/keeps_the_finished_list_visible_after_the_run_that_produced_it
TestAutoClearLifecycle/keeps_it_through_a_follow-up_that_creates_no_work
TestAutoClearLifecycle/starts_the_next_batch_clean_instead_of_appending_to_the_finished_one
TestAutoClearLifecycle/does_the_same_after_the_session_is_resumed
TestAutoClearLifecycle/keeps_every_step_of_a_list_the_agent_builds_one_task_at_a_time
TestAutoClearLifecycle/leaves_unfinished_work_in_place_across_the_run_boundary
TestAutoClearLifecycle/keeps_the_list_when_auto-clear_is_off
TestAutoClearLifecycle/removes_the_emptied_session_file_when_the_countdown_clears_the_list
TestAutoClearLifecycle
TestTaskOutputAndStop/returns_the_current_status_without_waiting_when_block_is_false
TestTaskOutputAndStop/resolves_a_blocking_wait_when_the_agent_completes
TestTaskOutputAndStop/resolves_a_blocking_wait_when_the_agent_fails
TestTaskOutputAndStop/gives_up_after_the_timeout_when_the_agent_never_reports_back
TestTaskOutputAndStop/does_not_wait_for_a_task_that_is_no_longer_in_progress
TestTaskOutputAndStop/throws_for_an_unknown_ID
TestTaskOutputAndStop/rejects_an_empty_ID_instead_of_matching_an_arbitrary_agent
TestTaskOutputAndStop/throws_for_a_task_with_neither_a_process_nor_an_agent
TestTaskOutputAndStop/reports_the_resolved_task,_not_a_stale_pre-wait_snapshot
TestTaskOutputAndStop/resolves_an_agent_ID_to_its_task_when_not_blocking
TestTaskOutputAndStop/resolves_a_unique_agent_ID_prefix
TestTaskOutputAndStop/stops_the_agent_and_completes_the_task
TestTaskOutputAndStop/completes_the_task_when_stopped_by_agent_ID
TestTaskOutputAndStop/completes_the_task_when_stopped_by_a_unique_agent_ID_prefix
TestTaskOutputAndStop/accepts_the_deprecated_shell_id_parameter
TestTaskOutputAndStop/throws_when_neither_task_id_nor_shell_id_is_given
TestTaskOutputAndStop/throws_for_a_task_with_no_running_agent
TestTaskOutputAndStop/throws_for_an_unknown_ID#01
TestTaskOutputAndStop/does_not_re-stop_an_already_completed_agent_task
TestTaskOutputAndStop
TestAgentReattach/completes_the_task_when_the_agent_finishes_after_a_reload
TestAgentReattach/reverts_the_task_to_pending_when_the_agent_fails_after_a_reload
TestAgentReattach/keeps_the_partial_result_when_the_agent_was_stopped_before_a_reload
TestAgentReattach/lets_a_blocking_TaskOutput_resolve_on_the_reattached_agent's_event
TestAgentReattach/resolves_an_agent_ID_to_its_task_after_a_reload
TestAgentReattach/does_not_reattach_a_task_that_is_no_longer_in_progress
TestAgentReattach/ignores_a_duplicate_event_after_the_reattached_agent_already_reported
TestAgentReattach/does_not_carry_an_agent_mapping_into_the_next_session
TestAgentReattach/reattaches_every_running_agent,_not_just_the_first
TestAgentReattach
TestTaskOutputResultConsumption/returns_the_agent's_result_to_the_blocking_caller
TestTaskOutputResultConsumption/consumes_the_result,_so_no_completion_notification_follows_the_answer
TestTaskOutputResultConsumption/consumes_a_result_read_after_the_fact,_not_only_one_waited_for
TestTaskOutputResultConsumption/returns_the_failure_and_consumes_it_too
TestTaskOutputResultConsumption/leaves_the_notification_alone_while_the_agent_is_still_running
TestTaskOutputResultConsumption/still_hands_over_the_result_when_pi-subagents_predates_the_consume_channel
TestTaskOutputResultConsumption/leaves_the_notification_alone_when_the_blocking_wait_times_out
TestTaskOutputResultConsumption
TestStoreScope/persists_to_a_single_shared_file
TestStoreScope/stays_on_the_same_file_when_the_session_changes
TestStoreScope/never_touches_the_filesystem
TestStoreScope/clears_tasks_on_/new,_since_there_is_no_file_to_switch_away_from
TestStoreScope/keeps_tasks_across_a_reload
TestStoreScope/keeps_tasks_in_memory_and_leaves_nothing_on_disk
TestStoreScope/still_writes_a_session_file_when_the_session_is_persisted
TestStoreScope/does_not_fall_back_to_a_file_when_a_later_lifecycle_event_fires
TestStoreScope/resolves_a_relative_path_against_the_session_workspace
TestStoreScope/keeps_everything_in_memory_when_set_to_off,_even_in_project_scope
TestStoreScope/wipes_an_all-completed_list_on_startup,_leaving_no_session_file_behind
TestStoreScope/keeps_an_all-completed_list_on_resume_and_shows_the_widget
TestStoreScope/keeps_a_partially_finished_list_on_startup
TestStoreScope/keeps_the_default_scope_writing_into_the_workspace
TestStoreScope/keeps_a_new_session's_tasks_out_of_the_workspace
TestStoreScope/keeps_using_a_session's_existing_workspace_file_instead_of_moving_it
TestStoreScope/reclaims_the_global_directory_once_its_last_session_file_is_gone
TestStoreScope
TestStaleTaskReminders/injects_a_task-specific_reminder_after_text-only_turns
TestStaleTaskReminders/uses_a_shorter_reminder_interval_for_non-task_tools_when_a_task_is_in_progress
TestStaleTaskReminders/sanitizes_task_subjects_so_they_cannot_break_out_of_the_reminder_block
TestStaleTaskReminders/caps_the_echoed_list_and_keeps_in_progress_tasks_when_over_the_limit
TestStaleTaskReminders/falls_back_to_the_empty-list_nudge_when_the_list_is_cleared_before_the_next_LLM_call
TestStaleTaskReminders
